<html>
<body>
<pre>
<h1>µVision Build Log</h1>
<h2>Tool Versions:</h2>
IDE-Version: µVision V5.28.0.0
Copyright (C) 2019 ARM Ltd and ARM Germany GmbH. All rights reserved.
License Information: q q, q, LIC=V85GK-ZW8AJ-D3BM3-A0167-W4ZUH-8RS8R
 
Tool Versions:
Toolchain:       MDK-ARM Professional  Version: 5.28.0.0
Toolchain Path:  C:\Keil_v5\ARM\ARMCC\Bin
C Compiler:      Armcc.exe V5.06 update 6 (build 750)
Assembler:       Armasm.exe V5.06 update 6 (build 750)
Linker/Locator:  ArmLink.exe V5.06 update 6 (build 750)
Library Manager: ArmAr.exe V5.06 update 6 (build 750)
Hex Converter:   FromElf.exe V5.06 update 6 (build 750)
CPU DLL:         SARMCM3.DLL V5.28.0.0
Dialog DLL:      DARMCM1.DLL V1.19.2.0
Target DLL:      STLink\ST-LINKIII-KEIL_SWO.dll V3.0.6.0
Dialog DLL:      TARMCM1.DLL V1.14.1.0
 
<h2>Project:</h2>
F:\RACH\GOOGLE DRIVE\Proyectos\Velocista\RACHBOT X\FIRMWARE KEIL - GIHUB\RACHBOTX.uvprojx
Project File Date:  02/24/2020

<h2>Output:</h2>
*** Using Compiler 'V5.06 update 6 (build 750)', folder: 'C:\Keil_v5\ARM\ARMCC\Bin'
Rebuild target 'Target 1'
compiling Leds.c...
compiling motores.c...
compiling Flash.c...
compiling Tartea_Telemetria.c...
compiling Tartea_Sensores.c...
compiling Tartea_Control.c...
compiling stm32f0xx_it.c...
compiling Turbina.c...
compiling main.c...
compiling RTX_Conf_CM.c...
compiling stm32f0xx_hal.c...
compiling stm32f0xx_hal_adc.c...
compiling stm32f0xx_hal_adc_ex.c...
compiling stm32f0xx_hal_can.c...
compiling stm32f0xx_hal_cec.c...
compiling stm32f0xx_hal_comp.c...
compiling stm32f0xx_hal_crc_ex.c...
compiling stm32f0xx_hal_cortex.c...
compiling stm32f0xx_hal_crc.c...
compiling stm32f0xx_hal_dac.c...
compiling stm32f0xx_hal_dma.c...
compiling stm32f0xx_hal_dac_ex.c...
compiling stm32f0xx_hal_gpio.c...
compiling stm32f0xx_hal_flash.c...
compiling stm32f0xx_hal_flash_ex.c...
compiling stm32f0xx_hal_i2s.c...
compiling stm32f0xx_hal_i2c_ex.c...
compiling stm32f0xx_hal_i2c.c...
compiling stm32f0xx_hal_irda.c...
compiling stm32f0xx_hal_iwdg.c...
compiling stm32f0xx_hal_pcd.c...
compiling stm32f0xx_hal_pcd_ex.c...
compiling stm32f0xx_hal_pwr.c...
compiling stm32f0xx_hal_pwr_ex.c...
compiling stm32f0xx_hal_rtc.c...
compiling stm32f0xx_hal_rcc_ex.c...
compiling stm32f0xx_hal_rcc.c...
compiling stm32f0xx_hal_rtc_ex.c...
compiling stm32f0xx_hal_smartcard.c...
compiling stm32f0xx_hal_smartcard_ex.c...
compiling stm32f0xx_hal_smbus.c...
compiling stm32f0xx_hal_spi.c...
compiling stm32f0xx_hal_spi_ex.c...
compiling stm32f0xx_hal_tim.c...
compiling stm32f0xx_hal_tsc.c...
compiling stm32f0xx_hal_tim_ex.c...
compiling stm32f0xx_hal_uart_ex.c...
compiling stm32f0xx_hal_usart.c...
compiling stm32f0xx_hal_uart.c...
compiling stm32f0xx_ll_adc.c...
compiling stm32f0xx_ll_comp.c...
compiling stm32f0xx_ll_crc.c...
compiling stm32f0xx_ll_crs.c...
compiling stm32f0xx_ll_dac.c...
compiling stm32f0xx_ll_dma.c...
compiling stm32f0xx_ll_exti.c...
compiling stm32f0xx_ll_gpio.c...
compiling stm32f0xx_ll_i2c.c...
compiling stm32f0xx_ll_pwr.c...
compiling stm32f0xx_ll_rcc.c...
compiling stm32f0xx_ll_rtc.c...
compiling stm32f0xx_ll_spi.c...
compiling stm32f0xx_ll_tim.c...
compiling stm32f0xx_ll_usart.c...
compiling stm32f0xx_ll.c...
assembling startup_stm32f042x6.s...
compiling stm32f0xx_hal_wwdg.c...
compiling system_stm32f0xx.c...
compiling stm32f0xx_ll_utils.c...
compiling stm32f0xx_hal_msp.c...
linking...
Program Size: Code=22784 RO-data=432 RW-data=120 ZI-data=5896  
".\Objects\RACHBOTX.axf" - 0 Error(s), 0 Warning(s).

<h2>Software Packages used:</h2>

Package Vendor: ARM
                http://www.keil.com/pack/ARM.CMSIS.5.6.0.pack
                ARM.CMSIS.5.6.0
                CMSIS (Cortex Microcontroller Software Interface Standard)
   * Component: RTOS Version: 1.0.0
   * Component: CORE Version: 5.3.0
   * Component: Keil RTX Version: 4.82.0

Package Vendor: Keil
                project-path/Keil.FrameworkCubeMX.1.0.0.pack
                Keil.FrameworkCubeMX.1.0.0
                STM32CubeMX generated pack description
   * Component: STM32CubeMX Version: 1.0.0
   * Component: Startup Version: 1.0.0

Package Vendor: Keil
                http://www.keil.com/pack/Keil.STM32F0xx_DFP.2.0.0.pack
                Keil.STM32F0xx_DFP.2.0.0
                STMicroelectronics STM32F0 Series Device Support, Drivers and Examples
   * Component: STM32Cube HAL Version: 1.7.0

Package Vendor: Keil
                https://www.keil.com/pack/Keil.STM32G0xx_DFP.1.2.0.pack
                Keil.STM32G0xx_DFP.1.2.0
                STMicroelectronics STM32G0 Series Device Support
   * Component: STM32Cube Framework Version: 1.1.0

<h2>Collection of Component include folders:</h2>
  .\RTE\Device\STM32F042K6Tx
  .\RTE\Device\STM32F042K6Tx\STCubeGenerated\Inc
  .\RTE\_Target_1
  C:\Users\rachi\AppData\Local\Arm\Packs\ARM\CMSIS\5.6.0\CMSIS\Core\Include
  C:\Users\rachi\AppData\Local\Arm\Packs\ARM\CMSIS\5.6.0\CMSIS\RTOS\RTX\INC
  C:\Users\rachi\AppData\Local\Arm\Packs\Keil\STM32F0xx_DFP\2.0.0\Drivers\CMSIS\Device\ST\STM32F0xx\Include
  C:\Users\rachi\AppData\Local\Arm\Packs\Keil\STM32F0xx_DFP\2.0.0\Drivers\STM32F0xx_HAL_Driver\Inc

<h2>Collection of Component Files used:</h2>

   * Component: ::CMSIS:RTOS:1.0.0 (API)

   * Component: ::Device:STM32Cube Framework:1.1.0 (API)

   * Component: ARM::CMSIS:CORE:5.3.0

   * Component: ARM::CMSIS:RTOS:Keil RTX:4.82.0
      Source file:   CMSIS\RTOS\RTX\Templates\RTX_Conf_CM.c
      Include file:  CMSIS\RTOS\RTX\UserCodeTemplates\osObjects.h
      Include file:  CMSIS\RTOS\RTX\INC\cmsis_os.h
      Source file:   CMSIS\RTOS\RTX\UserCodeTemplates\MailQueue.c
      Source file:   CMSIS\RTOS\RTX\UserCodeTemplates\Thread.c
      Source file:   CMSIS\RTOS\RTX\SRC\ARM\SVC_Table.s
      Library file:  CMSIS\RTOS\RTX\LIB\ARM\RTX_CM0.lib
      Source file:   CMSIS\RTOS\RTX\UserCodeTemplates\main.c
      Source file:   CMSIS\RTOS\RTX\UserCodeTemplates\Mutex.c
      Source file:   CMSIS\RTOS\RTX\UserCodeTemplates\Semaphore.c
      Source file:   CMSIS\RTOS\RTX\UserCodeTemplates\MsgQueue.c
      Source file:   CMSIS\RTOS\RTX\UserCodeTemplates\MemPool.c
      Source file:   CMSIS\RTOS\RTX\UserCodeTemplates\Timer.c

   * Component: Keil.STM32CubeMX::Device:STM32Cube Framework:STM32CubeMX:1.0.0
      Include file:  STCubeGenerated\Inc\stm32f0xx_hal_conf.h
      Source file:   STCubeGenerated\Src\stm32f0xx_hal_msp.c
      Include file:  MX_Device.h

   * Component: Keil.STM32CubeMX::Device:STM32Cube HAL:1.7.0
      Source file:   MDK\Driver\stm32f0xx_ll.c
      Source file:   Drivers\STM32F0xx_HAL_Driver\Src\stm32f0xx_hal.c
      Source file:   Drivers\STM32F0xx_HAL_Driver\Src\stm32f0xx_hal_crc.c
      Source file:   Drivers\STM32F0xx_HAL_Driver\Src\stm32f0xx_hal_can.c
      Source file:   Drivers\STM32F0xx_HAL_Driver\Src\stm32f0xx_hal_comp.c
      Source file:   Drivers\STM32F0xx_HAL_Driver\Src\stm32f0xx_hal_cortex.c
      Source file:   Drivers\STM32F0xx_HAL_Driver\Src\stm32f0xx_hal_adc_ex.c
      Source file:   Drivers\STM32F0xx_HAL_Driver\Src\stm32f0xx_hal_adc.c
      Source file:   Drivers\STM32F0xx_HAL_Driver\Src\stm32f0xx_hal_cec.c
      Source file:   Drivers\STM32F0xx_HAL_Driver\Src\stm32f0xx_hal_pcd_ex.c
      Source file:   Drivers\STM32F0xx_HAL_Driver\Src\stm32f0xx_hal_smartcard_ex.c
      Source file:   Drivers\STM32F0xx_HAL_Driver\Src\stm32f0xx_hal_tim_ex.c
      Source file:   Drivers\STM32F0xx_HAL_Driver\Src\stm32f0xx_hal_wwdg.c
      Source file:   Drivers\STM32F0xx_HAL_Driver\Src\stm32f0xx_hal_iwdg.c
      Source file:   Drivers\STM32F0xx_HAL_Driver\Src\stm32f0xx_hal_dac_ex.c
      Source file:   Drivers\STM32F0xx_HAL_Driver\Src\stm32f0xx_hal_flash.c
      Source file:   Drivers\STM32F0xx_HAL_Driver\Src\stm32f0xx_hal_crc_ex.c
      Source file:   Drivers\STM32F0xx_HAL_Driver\Src\stm32f0xx_hal_irda.c
      Source file:   Drivers\STM32F0xx_HAL_Driver\Src\stm32f0xx_hal_pwr.c
      Source file:   Drivers\STM32F0xx_HAL_Driver\Src\stm32f0xx_hal_pwr_ex.c
      Source file:   Drivers\STM32F0xx_HAL_Driver\Src\stm32f0xx_hal_rtc_ex.c
      Source file:   Drivers\STM32F0xx_HAL_Driver\Src\stm32f0xx_hal_spi_ex.c
      Source file:   Drivers\STM32F0xx_HAL_Driver\Src\stm32f0xx_hal_tim.c
      Source file:   Drivers\STM32F0xx_HAL_Driver\Src\stm32f0xx_hal_i2c_ex.c
      Source file:   Drivers\STM32F0xx_HAL_Driver\Src\stm32f0xx_hal_uart.c
      Source file:   Drivers\STM32F0xx_HAL_Driver\Src\stm32f0xx_hal_flash_ex.c
      Source file:   Drivers\STM32F0xx_HAL_Driver\Src\stm32f0xx_hal_smartcard.c
      Source file:   Drivers\STM32F0xx_HAL_Driver\Src\stm32f0xx_hal_rcc_ex.c
      Source file:   Drivers\STM32F0xx_HAL_Driver\Src\stm32f0xx_hal_uart_ex.c
      Source file:   Drivers\STM32F0xx_HAL_Driver\Src\stm32f0xx_hal_usart.c
      Source file:   Drivers\STM32F0xx_HAL_Driver\Src\stm32f0xx_hal_i2c.c
      Source file:   Drivers\STM32F0xx_HAL_Driver\Src\stm32f0xx_hal_i2s.c
      Source file:   Drivers\STM32F0xx_HAL_Driver\Src\stm32f0xx_hal_rtc.c
      Source file:   Drivers\STM32F0xx_HAL_Driver\Src\stm32f0xx_hal_dac.c
      Source file:   Drivers\STM32F0xx_HAL_Driver\Src\stm32f0xx_hal_tsc.c
      Source file:   Drivers\STM32F0xx_HAL_Driver\Src\stm32f0xx_hal_dma.c
      Source file:   Drivers\STM32F0xx_HAL_Driver\Src\stm32f0xx_hal_pcd.c
      Source file:   Drivers\STM32F0xx_HAL_Driver\Src\stm32f0xx_hal_rcc.c
      Source file:   Drivers\STM32F0xx_HAL_Driver\Src\stm32f0xx_hal_gpio.c
      Source file:   Drivers\STM32F0xx_HAL_Driver\Src\stm32f0xx_hal_smbus.c
      Source file:   Drivers\STM32F0xx_HAL_Driver\Src\stm32f0xx_hal_spi.c
      Source file:   Drivers\STM32F0xx_HAL_Driver\Src\stm32f0xx_ll_exti.c
      Source file:   Drivers\STM32F0xx_HAL_Driver\Src\stm32f0xx_ll_dac.c
      Source file:   Drivers\STM32F0xx_HAL_Driver\Src\stm32f0xx_ll_gpio.c
      Source file:   Drivers\STM32F0xx_HAL_Driver\Src\stm32f0xx_ll_crc.c
      Source file:   Drivers\STM32F0xx_HAL_Driver\Src\stm32f0xx_ll_pwr.c
      Source file:   Drivers\STM32F0xx_HAL_Driver\Src\stm32f0xx_ll_i2c.c
      Source file:   Drivers\STM32F0xx_HAL_Driver\Src\stm32f0xx_ll_dma.c
      Source file:   Drivers\STM32F0xx_HAL_Driver\Src\stm32f0xx_ll_rcc.c
      Source file:   Drivers\STM32F0xx_HAL_Driver\Src\stm32f0xx_ll_rtc.c
      Source file:   Drivers\STM32F0xx_HAL_Driver\Src\stm32f0xx_ll_usart.c
      Source file:   Drivers\STM32F0xx_HAL_Driver\Src\stm32f0xx_ll_spi.c
      Source file:   Drivers\STM32F0xx_HAL_Driver\Src\stm32f0xx_ll_adc.c
      Source file:   Drivers\STM32F0xx_HAL_Driver\Src\stm32f0xx_ll_comp.c
      Source file:   Drivers\STM32F0xx_HAL_Driver\Src\stm32f0xx_ll_tim.c
      Source file:   Drivers\STM32F0xx_HAL_Driver\Src\stm32f0xx_ll_crs.c
      Source file:   Drivers\STM32F0xx_HAL_Driver\Src\stm32f0xx_ll_utils.c

   * Component: Keil.STM32CubeMX::Device:Startup:1.0.0
      Source file:   STCubeGenerated\Src\system_stm32f0xx.c
      Source file:   STCubeGenerated\MDK-ARM\startup_stm32f042x6.s
Build Time Elapsed:  00:01:24
</pre>
</body>
</html>
