Component: ARM Compiler 5.06 update 6 (build 750) Tool: armlink [4d35ed]

==============================================================================

Section Cross References

    flash.o(i.Erase_Page_Flash) refers to stm32f0xx_hal_flash.o(i.HAL_FLASH_Unlock) for HAL_FLASH_Unlock
    flash.o(i.Erase_Page_Flash) refers to stm32f0xx_hal_flash.o(i.HAL_FLASH_Lock) for HAL_FLASH_Lock
    flash.o(i.MC_Load_Setup) refers to flash.o(i.readFlash) for readFlash
    flash.o(i.MC_Load_Setup) refers to tartea_control.o(i.VEL_Load_Default_Setup) for VEL_Load_Default_Setup
    flash.o(i.MC_Load_Setup) refers to flash.o(i.writeFlash) for writeFlash
    flash.o(i.MC_Load_Setup) refers to tartea_control.o(.bss) for vel_setup
    flash.o(i.MC_Save_Setup) refers to flash.o(i.writeFlash) for writeFlash
    flash.o(i.MC_Save_Setup) refers to tartea_control.o(.bss) for vel_setup
    flash.o(i.MC_Write_Setup) refers to flash.o(i.writeFlash) for writeFlash
    flash.o(i.MC_Write_Setup) refers to flash.o(.data) for sise_stup
    flash.o(i.MC_Write_Setup) refers to tartea_control.o(.bss) for vel_setup
    flash.o(i.readFlash) refers to flash.o(.data) for startAddress
    flash.o(i.writeFlash) refers to flash.o(i.Erase_Page_Flash) for Erase_Page_Flash
    flash.o(i.writeFlash) refers to stm32f0xx_hal_flash.o(i.HAL_FLASH_Unlock) for HAL_FLASH_Unlock
    flash.o(i.writeFlash) refers to stm32f0xx_hal_flash.o(i.HAL_FLASH_Program) for HAL_FLASH_Program
    flash.o(i.writeFlash) refers to stm32f0xx_hal_flash.o(i.HAL_FLASH_Lock) for HAL_FLASH_Lock
    flash.o(i.writeFlash) refers to flash.o(.data) for startAddress
    leds.o(i.LED_On_Off) refers to stm32f0xx_hal_gpio.o(i.HAL_GPIO_WritePin) for HAL_GPIO_WritePin
    motores.o(i.Motores_Init) refers to stm32f0xx_hal_tim.o(i.HAL_TIM_PWM_Start_IT) for HAL_TIM_PWM_Start_IT
    motores.o(i.Motores_Init) refers to main.o(.bss) for htim2
    tartea_control.o(i.Control_RM) refers to stm32f0xx_hal_gpio.o(i.HAL_GPIO_ReadPin) for HAL_GPIO_ReadPin
    tartea_control.o(i.Control_RM) refers to tartea_control.o(.bss) for vel_setup
    tartea_control.o(i.Control_SW) refers to stm32f0xx_hal_gpio.o(i.HAL_GPIO_ReadPin) for HAL_GPIO_ReadPin
    tartea_control.o(i.Thread_Control) refers to _printf_percent.o(.ARM.Collect$$_printf_percent$$00000000) for _printf_percent
    tartea_control.o(i.Thread_Control) refers to _printf_d.o(.ARM.Collect$$_printf_percent$$00000009) for _printf_d
    tartea_control.o(i.Thread_Control) refers to _printf_dec.o(.text) for _printf_int_dec
    tartea_control.o(i.Thread_Control) refers to motores.o(i.Motores_Init) for Motores_Init
    tartea_control.o(i.Thread_Control) refers to motores.o(i.Motores_Control) for Motores_Control
    tartea_control.o(i.Thread_Control) refers to tartea_control.o(i.VEL_Load_Default_Setup) for VEL_Load_Default_Setup
    tartea_control.o(i.Thread_Control) refers to flash.o(i.MC_Load_Setup) for MC_Load_Setup
    tartea_control.o(i.Thread_Control) refers to stm32f0xx_hal_uart.o(i.HAL_UART_Receive_IT) for HAL_UART_Receive_IT
    tartea_control.o(i.Thread_Control) refers to turbina.o(i.Turbina_Init) for Turbina_Init
    tartea_control.o(i.Thread_Control) refers to leds.o(i.LED_On_Off) for LED_On_Off
    tartea_control.o(i.Thread_Control) refers to rt_cmsis.o(i.osDelay) for osDelay
    tartea_control.o(i.Thread_Control) refers to fmul.o(x$fpl$fmul) for __aeabi_fmul
    tartea_control.o(i.Thread_Control) refers to ffixi.o(.text) for __aeabi_f2iz
    tartea_control.o(i.Thread_Control) refers to noretval__2sprintf.o(.text) for __2sprintf
    tartea_control.o(i.Thread_Control) refers to strlen.o(.text) for strlen
    tartea_control.o(i.Thread_Control) refers to stm32f0xx_hal_uart.o(i.HAL_UART_Transmit) for HAL_UART_Transmit
    tartea_control.o(i.Thread_Control) refers to tartea_control.o(i.Control_SW) for Control_SW
    tartea_control.o(i.Thread_Control) refers to tartea_sensores.o(i.Sensores_Calibracion_Backgound) for Sensores_Calibracion_Backgound
    tartea_control.o(i.Thread_Control) refers to tartea_sensores.o(i.Sensores_Calibracion_Line) for Sensores_Calibracion_Line
    tartea_control.o(i.Thread_Control) refers to fflti.o(.text) for __aeabi_i2f
    tartea_control.o(i.Thread_Control) refers to feqf.o(x$fpl$feqf) for __aeabi_cfcmpeq
    tartea_control.o(i.Thread_Control) refers to faddsub.o(x$fpl$fadd) for __aeabi_fadd
    tartea_control.o(i.Thread_Control) refers to faddsub.o(x$fpl$fsub) for __aeabi_fsub
    tartea_control.o(i.Thread_Control) refers to frlef.o(x$fpl$frleqf) for __aeabi_cfrcmple
    tartea_control.o(i.Thread_Control) refers to flef.o(x$fpl$fleqf) for __aeabi_cfcmple
    tartea_control.o(i.Thread_Control) refers to tartea_control.o(i.Control_RM) for Control_RM
    tartea_control.o(i.Thread_Control) refers to turbina.o(i.Turbina_Control) for Turbina_Control
    tartea_control.o(i.Thread_Control) refers to tartea_telemetria.o(.bss) for uart_rx
[...]
    rt_tid2ptcb                              0x08005125   Thumb Code    18  rt_cmsis.o(i.rt_tid2ptcb)
    i.rt_timer_insert                        0x08005138   Section        0  rt_cmsis.o(i.rt_timer_insert)
    rt_timer_insert                          0x08005139   Thumb Code    52  rt_cmsis.o(i.rt_timer_insert)
    i.rt_tsk_create                          0x08005170   Section        0  rt_task.o(i.rt_tsk_create)
    i.rt_tsk_delete                          0x080051e8   Section        0  rt_task.o(i.rt_tsk_delete)
    i.rt_tsk_prio                            0x08005340   Section        0  rt_task.o(i.rt_tsk_prio)
    i.rt_tsk_self                            0x080053c0   Section        0  rt_task.o(i.rt_tsk_self)
    i.svcDelay                               0x080053d0   Section        0  rt_cmsis.o(i.svcDelay)
    i.svcKernelInitialize                    0x080053e4   Section        0  rt_cmsis.o(i.svcKernelInitialize)
    i.svcKernelStart                         0x0800545c   Section        0  rt_cmsis.o(i.svcKernelStart)
    i.svcMessageCreate                       0x080054a8   Section        0  rt_cmsis.o(i.svcMessageCreate)
    i.svcMessageGet                          0x080054d2   Section        0  rt_cmsis.o(i.svcMessageGet)
    i.svcThreadCreate                        0x08005510   Section        0  rt_cmsis.o(i.svcThreadCreate)
    i.svcThreadGetId                         0x08005584   Section        0  rt_cmsis.o(i.svcThreadGetId)
    i.svcThreadTerminate                     0x080055a0   Section        0  rt_cmsis.o(i.svcThreadTerminate)
    i.svcTimerCall                           0x080055dc   Section        0  rt_cmsis.o(i.svcTimerCall)
    i.sysTimerTick                           0x080055f8   Section        0  rt_cmsis.o(i.sysTimerTick)
    i.writeFlash                             0x08005650   Section        0  flash.o(i.writeFlash)
    writeFlash                               0x08005651   Thumb Code    84  flash.o(i.writeFlash)
    x$fpl$fadd                               0x080056ac   Section      140  faddsub.o(x$fpl$fadd)
    _fadd1                                   0x080056b9   Thumb Code     0  faddsub.o(x$fpl$fadd)
    x$fpl$feqf                               0x08005738   Section       84  feqf.o(x$fpl$feqf)
    x$fpl$fleqf                              0x0800578c   Section       84  flef.o(x$fpl$fleqf)
    x$fpl$fmul                               0x080057e0   Section      176  fmul.o(x$fpl$fmul)
    x$fpl$frleqf                             0x08005890   Section       88  frlef.o(x$fpl$frleqf)
    x$fpl$fsub                               0x080058e8   Section      208  faddsub.o(x$fpl$fsub)
    _fsub1                                   0x080058f5   Thumb Code     0  faddsub.o(x$fpl$fsub)
    .constdata                               0x080059b8   Section       16  tartea_sensores.o(.constdata)
    x$fpl$usenofp                            0x080059b8   Section        0  usenofp.o(x$fpl$usenofp)
    .constdata                               0x080059c8   Section      104  rtx_conf_cm.o(.constdata)
    __tagsym$$used                           0x080059e4   Number         0  rtx_conf_cm.o(.constdata)
    __tagsym$$used                           0x080059e8   Number         0  rtx_conf_cm.o(.constdata)
    __tagsym$$used                           0x080059ec   Number         0  rtx_conf_cm.o(.constdata)
    __tagsym$$used                           0x080059f0   Number         0  rtx_conf_cm.o(.constdata)
    .constdata                               0x08005a30   Section       24  system_stm32f0xx.o(.constdata)
    .constdata                               0x08005a48   Section       64  fdiv.o(.constdata)
    fdiv_tab                                 0x08005a48   Data          64  fdiv.o(.constdata)
    .data                                    0x20000000   Section        8  flash.o(.data)
    .data                                    0x20000008   Section       44  tartea_sensores.o(.data)
    .data                                    0x20000034   Section        4  tartea_telemetria.o(.data)
    .data                                    0x20000038   Section       20  rtx_conf_cm.o(.data)
    nr_mutex                                 0x20000048   Data           4  rtx_conf_cm.o(.data)
    .data                                    0x2000004c   Section        4  stm32f0xx_hal.o(.data)
    .data                                    0x20000050   Section        4  system_stm32f0xx.o(.data)
    .data                                    0x20000054   Section        8  rt_cmsis.o(.data)
    .data                                    0x2000005c   Section        8  rt_task.o(.data)
    .data                                    0x20000064   Section        8  rt_system.o(.data)
    os_lock                                  0x20000064   Data           1  rt_system.o(.data)
    os_psh_flag                              0x20000065   Data           1  rt_system.o(.data)
    pend_flags                               0x20000066   Data           1  rt_system.o(.data)
    .data                                    0x2000006c   Section        4  rt_time.o(.data)
    .data                                    0x20000070   Section        8  rt_robin.o(.data)
    .bss                                     0x20000078   Section      256  tartea_control.o(.bss)
    .bss                                     0x20000178   Section      144  tartea_sensores.o(.bss)
    .bss                                     0x20000208   Section       74  tartea_telemetria.o(.bss)
    .bss                                     0x20000254   Section      368  main.o(.bss)
    .bss                                     0x200003c4   Section       64  stm32f0xx_it.o(.bss)
    .bss                                     0x20000408   Section     3216  rtx_conf_cm.o(.bss)
    std_libspace                             0x20000d78   Data         672  rtx_conf_cm.o(.bss)
    std_libmutex                             0x20001018   Data         128  rtx_conf_cm.o(.bss)
    .bss                                     0x20001098   Section       32  stm32f0xx_hal_flash.o(.bss)
    .bss                                     0x200010b8   Section       52  rt_task.o(.bss)
    .bss                                     0x200010ec   Section       48  rt_list.o(.bss)
    .bss                                     0x2000111c   Section       96  libspace.o(.bss)
    HEAP                                     0x20001180   Section      512  startup_stm32f042x6.o(HEAP)
    Heap_Mem                                 0x20001180   Data         512  startup_stm32f042x6.o(HEAP)
    STACK                                    0x20001380   Section     1024  startup_stm32f042x6.o(STACK)
    Stack_Mem                                0x20001380   Data        1024  startup_stm32f042x6.o(STACK)
    __initial_sp                             0x20001780   Data           0  startup_stm32f042x6.o(STACK)

    Global Symbols

    Symbol Name                              Value     Ov Type        Size  Object(Section)

    BuildAttributes$$THM_ISAv3M$S$PE$A:L22$X:L11$S22$IEEE1$IW$USESV6$~STKCKD$USESV7$~SHL$OSPACE$ROPI$EBA8$UX$STANDARDLIB$REQ8$PRES8$EABIv2 0x00000000   Number         0  anon$$obj.o ABSOLUTE
    __ARM_use_no_argv                        0x00000000   Number         0  main.o ABSOLUTE
    __ARM_exceptions_init                     - Undefined Weak Reference
    __alloca_initialize                       - Undefined Weak Reference
    __arm_preinit_                            - Undefined Weak Reference
    __cpp_initialize__aeabi_                  - Undefined Weak Reference
    __cxa_finalize                            - Undefined Weak Reference
    __rt_locale                               - Undefined Weak Reference
    __sigvec_lookup                           - Undefined Weak Reference
    _atexit_init                              - Undefined Weak Reference
    _call_atexit_fns                          - Undefined Weak Reference
    _clock_init                               - Undefined Weak Reference
    _fp_trap_init                             - Undefined Weak Reference
    _fp_trap_shutdown                         - Undefined Weak Reference
    _get_lc_collate                           - Undefined Weak Reference
    _get_lc_ctype                             - Undefined Weak Reference
    _get_lc_monetary                          - Undefined Weak Reference
    _get_lc_numeric                           - Undefined Weak Reference
    _get_lc_time                              - Undefined Weak Reference
    _getenv_init                              - Undefined Weak Reference
    _handle_redirection                       - Undefined Weak Reference
    _init_alloc                               - Undefined Weak Reference
    _init_user_alloc                          - Undefined Weak Reference
    _initio                                   - Undefined Weak Reference
    _printf_post_padding                      - Undefined Weak Reference
    _printf_pre_padding                       - Undefined Weak Reference
    _printf_truncate_signed                   - Undefined Weak Reference
    _printf_truncate_unsigned                 - Undefined Weak Reference
    _rand_init                                - Undefined Weak Reference
    _signal_finish                            - Undefined Weak Reference
    _signal_init                              - Undefined Weak Reference
    _terminate_alloc                          - Undefined Weak Reference
    _terminate_user_alloc                     - Undefined Weak Reference
    _terminateio                              - Undefined Weak Reference
    __Vectors_Size                           0x000000c0   Number         0  startup_stm32f042x6.o ABSOLUTE
    __RL_RTX_VER                             0x00000482   Number         0  rt_system.o ABSOLUTE
    __Vectors                                0x08000000   Data           4  startup_stm32f042x6.o(RESET)
    __Vectors_End                            0x080000c0   Data           0  startup_stm32f042x6.o(RESET)
    __main                                   0x080000c1   Thumb Code     8  __main.o(!!!main)
    __scatterload                            0x080000c9   Thumb Code     0  __scatter.o(!!!scatter)
    __scatterload_rt2                        0x080000c9   Thumb Code    52  __scatter.o(!!!scatter)
    __scatterload_rt2_thumb_only             0x080000c9   Thumb Code     0  __scatter.o(!!!scatter)
    __scatterload_null                       0x080000d9   Thumb Code     0  __scatter.o(!!!scatter)
    __scatterload_copy                       0x08000105   Thumb Code    26  __scatter_copy.o(!!handler_copy)
    __scatterload_zeroinit                   0x08000121   Thumb Code    28  __scatter_zi.o(!!handler_zi)
    _printf_percent                          0x0800013d   Thumb Code     0  _printf_percent.o(.ARM.Collect$$_printf_percent$$00000000)
    _printf_d                                0x0800013f   Thumb Code     0  _printf_d.o(.ARM.Collect$$_printf_percent$$00000009)
    _printf_percent_end                      0x08000149   Thumb Code     0  _printf_percent_end.o(.ARM.Collect$$_printf_percent$$00000017)
    __rt_lib_init                            0x0800014d   Thumb Code     0  libinit.o(.ARM.Collect$$libinit$$00000000)
    __rt_lib_init_alloca_1                   0x0800014f   Thumb Code     0  libinit2.o(.ARM.Collect$$libinit$$0000002E)
    __rt_lib_init_argv_1                     0x0800014f   Thumb Code     0  libinit2.o(.ARM.Collect$$libinit$$0000002C)
    __rt_lib_init_atexit_1                   0x0800014f   Thumb Code     0  libinit2.o(.ARM.Collect$$libinit$$0000001B)
    __rt_lib_init_clock_1                    0x0800014f   Thumb Code     0  libinit2.o(.ARM.Collect$$libinit$$00000021)
    __rt_lib_init_cpp_1                      0x0800014f   Thumb Code     0  libinit2.o(.ARM.Collect$$libinit$$00000032)
    __rt_lib_init_exceptions_1               0x0800014f   Thumb Code     0  libinit2.o(.ARM.Collect$$libinit$$00000030)
    __rt_lib_init_fp_1                       0x0800014f   Thumb Code     0  libinit2.o(.ARM.Collect$$libinit$$00000002)
    __rt_lib_init_fp_trap_1                  0x0800014f   Thumb Code     0  libinit2.o(.ARM.Collect$$libinit$$0000001F)
    __rt_lib_init_getenv_1                   0x0800014f   Thumb Code     0  libinit2.o(.ARM.Collect$$libinit$$00000023)
    __rt_lib_init_heap_1                     0x0800014f   Thumb Code     0  libinit2.o(.ARM.Collect$$libinit$$0000000A)
    __rt_lib_init_lc_collate_1               0x0800014f   Thumb Code     0  libinit2.o(.ARM.Collect$$libinit$$00000011)
    __rt_lib_init_lc_ctype_1                 0x0800014f   Thumb Code     0  libinit2.o(.ARM.Collect$$libinit$$00000013)
    __rt_lib_init_lc_monetary_1              0x0800014f   Thumb Code     0  libinit2.o(.ARM.Collect$$libinit$$00000015)
    __rt_lib_init_lc_numeric_1               0x0800014f   Thumb Code     0  libinit2.o(.ARM.Collect$$libinit$$00000017)
    __rt_lib_init_lc_time_1                  0x0800014f   Thumb Code     0  libinit2.o(.ARM.Collect$$libinit$$00000019)
    __rt_lib_init_preinit_1                  0x0800014f   Thumb Code     0  libinit2.o(.ARM.Collect$$libinit$$00000004)
    __rt_lib_init_rand_1                     0x0800014f   Thumb Code     0  libinit2.o(.ARM.Collect$$libinit$$0000000E)
    __rt_lib_init_return                     0x0800014f   Thumb Code     0  libinit2.o(.ARM.Collect$$libinit$$00000033)
    __rt_lib_init_signal_1                   0x0800014f   Thumb Code     0  libinit2.o(.ARM.Collect$$libinit$$0000001D)
    __rt_lib_init_stdio_1                    0x0800014f   Thumb Code     0  libinit2.o(.ARM.Collect$$libinit$$00000025)
    __rt_lib_init_user_alloc_1               0x0800014f   Thumb Code     0  libinit2.o(.ARM.Collect$$libinit$$0000000C)
    __rt_lib_shutdown                        0x08000151   Thumb Code     0  libshutdown.o(.ARM.Collect$$libshutdown$$00000000)
    __rt_lib_shutdown_cpp_1                  0x08000153   Thumb Code     0  libshutdown2.o(.ARM.Collect$$libshutdown$$00000002)
    __rt_lib_shutdown_fp_trap_1              0x08000153   Thumb Code     0  libshutdown2.o(.ARM.Collect$$libshutdown$$00000007)
    __rt_lib_shutdown_heap_1                 0x08000153   Thumb Code     0  libshutdown2.o(.ARM.Collect$$libshutdown$$0000000F)
    __rt_lib_shutdown_return                 0x08000153   Thumb Code     0  libshutdown2.o(.ARM.Collect$$libshutdown$$00000010)
    __rt_lib_shutdown_signal_1               0x08000153   Thumb Code     0  libshutdown2.o(.ARM.Collect$$libshutdown$$0000000A)
    __rt_lib_shutdown_stdio_1                0x08000153   Thumb Code     0  libshutdown2.o(.ARM.Collect$$libshutdown$$00000004)
    __rt_lib_shutdown_user_alloc_1           0x08000153   Thumb Code     0  libshutdown2.o(.ARM.Collect$$libshutdown$$0000000C)
    __rt_entry                               0x08000155   Thumb Code     0  __rtentry.o(.ARM.Collect$$rtentry$$00000000)
    __rt_entry_presh_1                       0x08000155   Thumb Code     0  __rtentry2.o(.ARM.Collect$$rtentry$$00000002)
    __rt_entry_sh                            0x08000155   Thumb Code     0  __rtentry4.o(.ARM.Collect$$rtentry$$00000004)
    __rt_entry_li                            0x0800015b   Thumb Code     0  __rtentry2.o(.ARM.Collect$$rtentry$$0000000A)
    __rt_entry_postsh_1                      0x0800015b   Thumb Code     0  __rtentry2.o(.ARM.Collect$$rtentry$$00000009)
    __rt_entry_postli_1                      0x0800015f   Thumb Code     0  __rtentry2.o(.ARM.Collect$$rtentry$$0000000B)
    __rt_entry_main                          0x08000167   Thumb Code     0  __rtentry2.o(.ARM.Collect$$rtentry$$0000000D)
    __rt_exit                                0x0800016f   Thumb Code     0  rtexit.o(.ARM.Collect$$rtexit$$00000000)
    __rt_exit_ls                             0x08000171   Thumb Code     0  rtexit2.o(.ARM.Collect$$rtexit$$00000003)
    __rt_exit_prels_1                        0x08000171   Thumb Code     0  rtexit2.o(.ARM.Collect$$rtexit$$00000002)
    __rt_exit_exit                           0x08000175   Thumb Code     0  rtexit2.o(.ARM.Collect$$rtexit$$00000004)
    _platform_post_lib_init                  0x0800017d   Thumb Code    24  rtx_conf_cm.o(.emb_text)
    rt_set_PSP                               0x08000199   Thumb Code     6  hal_cm0.o(.emb_text)
    rt_get_PSP                               0x0800019f   Thumb Code     6  hal_cm0.o(.emb_text)
    os_set_env                               0x080001a5   Thumb Code    32  hal_cm0.o(.emb_text)
    _alloc_box                               0x080001c9   Thumb Code    28  hal_cm0.o(.emb_text)
    _free_box                                0x080001e9   Thumb Code    28  hal_cm0.o(.emb_text)
    SVC_Handler                              0x08000209   Thumb Code   136  hal_cm0.o(.emb_text)
    PendSV_Handler                           0x0800029d   Thumb Code    72  hal_cm0.o(.emb_text)
    SysTick_Handler                          0x080002e9   Thumb Code     8  hal_cm0.o(.emb_text)
    OS_Tick_Handler                          0x080002f1   Thumb Code    12  hal_cm0.o(.emb_text)
    Reset_Handler                            0x080002fd   Thumb Code    38  startup_stm32f042x6.o(.text)
    ADC1_IRQHandler                          0x0800032d   Thumb Code     0  startup_stm32f042x6.o(.text)
    CEC_CAN_IRQHandler                       0x0800032d   Thumb Code     0  startup_stm32f042x6.o(.text)
    DMA1_Channel1_IRQHandler                 0x0800032d   Thumb Code     0  startup_stm32f042x6.o(.text)
    DMA1_Channel2_3_IRQHandler               0x0800032d   Thumb Code     0  startup_stm32f042x6.o(.text)
    DMA1_Channel4_5_IRQHandler               0x0800032d   Thumb Code     0  startup_stm32f042x6.o(.text)
    EXTI0_1_IRQHandler                       0x0800032d   Thumb Code     0  startup_stm32f042x6.o(.text)
    EXTI2_3_IRQHandler                       0x0800032d   Thumb Code     0  startup_stm32f042x6.o(.text)
    EXTI4_15_IRQHandler                      0x0800032d   Thumb Code     0  startup_stm32f042x6.o(.text)
    FLASH_IRQHandler                         0x0800032d   Thumb Code     0  startup_stm32f042x6.o(.text)
    I2C1_IRQHandler                          0x0800032d   Thumb Code     0  startup_stm32f042x6.o(.text)
    PVD_VDDIO2_IRQHandler                    0x0800032d   Thumb Code     0  startup_stm32f042x6.o(.text)
    RCC_CRS_IRQHandler                       0x0800032d   Thumb Code     0  startup_stm32f042x6.o(.text)
    RTC_IRQHandler                           0x0800032d   Thumb Code     0  startup_stm32f042x6.o(.text)
    SPI1_IRQHandler                          0x0800032d   Thumb Code     0  startup_stm32f042x6.o(.text)
    SPI2_IRQHandler                          0x0800032d   Thumb Code     0  startup_stm32f042x6.o(.text)
    TIM14_IRQHandler                         0x0800032d   Thumb Code     0  startup_stm32f042x6.o(.text)
    TIM16_IRQHandler                         0x0800032d   Thumb Code     0  startup_stm32f042x6.o(.text)
    TIM1_BRK_UP_TRG_COM_IRQHandler           0x0800032d   Thumb Code     0  startup_stm32f042x6.o(.text)
    TIM1_CC_IRQHandler                       0x0800032d   Thumb Code     0  startup_stm32f042x6.o(.text)
    TIM2_IRQHandler                          0x0800032d   Thumb Code     0  startup_stm32f042x6.o(.text)
    TIM3_IRQHandler                          0x0800032d   Thumb Code     0  startup_stm32f042x6.o(.text)
    TSC_IRQHandler                           0x0800032d   Thumb Code     0  startup_stm32f042x6.o(.text)
    USART1_IRQHandler                        0x0800032d   Thumb Code     0  startup_stm32f042x6.o(.text)
    USB_IRQHandler                           0x0800032d   Thumb Code     0  startup_stm32f042x6.o(.text)
    WWDG_IRQHandler                          0x0800032d   Thumb Code     0  startup_stm32f042x6.o(.text)
    __user_initial_stackheap                 0x08000331   Thumb Code     0  startup_stm32f042x6.o(.text)
    __user_libspace                          0x08000371   Thumb Code     8  libspace.o(.text)
    __user_perproc_libspace                  0x08000371   Thumb Code     0  libspace.o(.text)
    __aeabi_llsr                             0x08000379   Thumb Code    34  llushr.o(.text)
    _ll_ushift_r                             0x08000379   Thumb Code     0  llushr.o(.text)
    __2sprintf                               0x0800039d   Thumb Code    36  noretval__2sprintf.o(.text)
    __printf                                 0x080003c5   Thumb Code   108  __printf.o(.text)
    _printf_int_dec                          0x08000431   Thumb Code    90  _printf_dec.o(.text)
    exit                                     0x0800049d   Thumb Code    16  exit.o(.text)
    strlen                                   0x080004ad   Thumb Code    62  strlen.o(.text)
    _memset_w                                0x080004f1   Thumb Code    26  rt_memclr.o(.text)
    _memset                                  0x0800050b   Thumb Code    30  rt_memclr.o(.text)
    __aeabi_memclr                           0x08000529   Thumb Code     4  rt_memclr.o(.text)
    __rt_memclr                              0x08000529   Thumb Code     0  rt_memclr.o(.text)
    __aeabi_memclr4                          0x0800052d   Thumb Code     0  rt_memclr.o(.text)
    __aeabi_memclr8                          0x0800052d   Thumb Code     0  rt_memclr.o(.text)
    __rt_memclr_w                            0x0800052d   Thumb Code     4  rt_memclr.o(.text)
    __aeabi_uidiv                            0x08000531   Thumb Code     0  aeabi_sdiv.o(.text)
    __aeabi_uidivmod                         0x08000531   Thumb Code    20  aeabi_sdiv.o(.text)
    __aeabi_idiv                             0x08000545   Thumb Code     0  aeabi_sdiv.o(.text)
    __aeabi_idivmod                          0x08000545   Thumb Code   326  aeabi_sdiv.o(.text)
    __use_two_region_memory                  0x0800068b   Thumb Code     2  heapauxi.o(.text)
    __rt_heap_escrow$2region                 0x0800068d   Thumb Code     2  heapauxi.o(.text)
    __rt_heap_expand$2region                 0x0800068f   Thumb Code     2  heapauxi.o(.text)
    __aeabi_fdiv                             0x08000691   Thumb Code     0  fdiv.o(.text)
    _fdiv                                    0x08000691   Thumb Code   334  fdiv.o(.text)
    _frdiv                                   0x080007df   Thumb Code     8  fdiv.o(.text)
    __aeabi_f2iz                             0x080007f1   Thumb Code     0  ffixi.o(.text)
    _ffix                                    0x080007f1   Thumb Code    76  ffixi.o(.text)
    __aeabi_i2f_normalise                    0x0800083d   Thumb Code    72  fflti.o(.text)
    __aeabi_i2f                              0x08000885   Thumb Code    16  fflti.o(.text)
    _fflt                                    0x08000885   Thumb Code     0  fflti.o(.text)
    __aeabi_ui2f                             0x08000895   Thumb Code     6  fflti.o(.text)
    _ffltu                                   0x08000895   Thumb Code     0  fflti.o(.text)
    _printf_int_common                       0x0800089b   Thumb Code   176  _printf_intcommon.o(.text)
    _printf_char_common                      0x08000957   Thumb Code    32  _printf_char_common.o(.text)
    _sputc                                   0x0800097d   Thumb Code    10  _sputc.o(.text)
    __rt_udiv10                              0x08000987   Thumb Code    40  rtudiv10.o(.text)
    __fpl_fcmp_InfNaN                        0x080009b1   Thumb Code    96  fcmpin.o(.text)
    __fpl_cmpreturn                          0x08000a15   Thumb Code    46  cmpret.o(.text)
    __fpl_fcheck_NaN2                        0x08000a45   Thumb Code    10  fnan2.o(.text)
    _sys_exit                                0x08000a55   Thumb Code     8  sys_exit.o(.text)
    __user_setup_stackheap                   0x08000a61   Thumb Code    62  sys_stackheap_outer.o(.text)
    __fpl_return_NaN                         0x08000a9f   Thumb Code    94  retnan.o(.text)
    __I$use$semihosting                      0x08000afd   Thumb Code     0  use_no_semi.o(.text)
    __use_no_semihosting_swi                 0x08000afd   Thumb Code     2  use_no_semi.o(.text)
    __semihosting_library_function           0x08000aff   Thumb Code     0  indicate_semi.o(.text)
    SVC_Count                                0x08000b00   Data           4  svc_table.o(SVC_TABLE)
    SVC_Table                                0x08000b04   Data           0  svc_table.o(SVC_TABLE)
    Error_Handler                            0x08000bc9   Thumb Code     2  main.o(i.Error_Handler)
    FLASH_WaitForLastOperation               0x08000c35   Thumb Code   100  stm32f0xx_hal_flash.o(i.FLASH_WaitForLastOperation)
    HAL_DMA_Abort_IT                         0x08000c9d   Thumb Code    88  stm32f0xx_hal_dma.o(i.HAL_DMA_Abort_IT)
    HAL_FLASH_Lock                           0x08000cf5   Thumb Code    16  stm32f0xx_hal_flash.o(i.HAL_FLASH_Lock)
    HAL_FLASH_Program                        0x08000d09   Thumb Code   174  stm32f0xx_hal_flash.o(i.HAL_FLASH_Program)
    HAL_FLASH_Unlock                         0x08000dc5   Thumb Code    32  stm32f0xx_hal_flash.o(i.HAL_FLASH_Unlock)
    HAL_GPIO_Init                            0x08000df1   Thumb Code   460  stm32f0xx_hal_gpio.o(i.HAL_GPIO_Init)
    HAL_GPIO_ReadPin                         0x08000fd1   Thumb Code    18  stm32f0xx_hal_gpio.o(i.HAL_GPIO_ReadPin)
    HAL_GPIO_WritePin                        0x08000fe3   Thumb Code    12  stm32f0xx_hal_gpio.o(i.HAL_GPIO_WritePin)
    HAL_GetTick                              0x08000ff1   Thumb Code     6  stm32f0xx_hal.o(i.HAL_GetTick)
    HAL_IncTick                              0x08000ffd   Thumb Code    12  stm32f0xx_hal.o(i.HAL_IncTick)
    HAL_Init                                 0x0800100d   Thumb Code    28  stm32f0xx_hal.o(i.HAL_Init)
    HAL_InitTick                             0x0800102d   Thumb Code    38  stm32f0xx_hal.o(i.HAL_InitTick)
    HAL_MspInit                              0x08001055   Thumb Code    60  stm32f0xx_hal_msp.o(i.HAL_MspInit)
    HAL_NVIC_EnableIRQ                       0x08001095   Thumb Code    22  stm32f0xx_hal_cortex.o(i.HAL_NVIC_EnableIRQ)
    HAL_NVIC_SetPriority                     0x080010b1   Thumb Code    18  stm32f0xx_hal_cortex.o(i.HAL_NVIC_SetPriority)
    HAL_RCC_ClockConfig                      0x080010c5   Thumb Code   444  stm32f0xx_hal_rcc.o(i.HAL_RCC_ClockConfig)
    HAL_RCC_GetHCLKFreq                      0x08001295   Thumb Code     6  stm32f0xx_hal_rcc.o(i.HAL_RCC_GetHCLKFreq)
    HAL_RCC_GetPCLK1Freq                     0x080012a1   Thumb Code    26  stm32f0xx_hal_rcc.o(i.HAL_RCC_GetPCLK1Freq)
    HAL_RCC_GetSysClockFreq                  0x080012c5   Thumb Code   194  stm32f0xx_hal_rcc.o(i.HAL_RCC_GetSysClockFreq)
    HAL_RCC_OscConfig                        0x080013b5   Thumb Code  1532  stm32f0xx_hal_rcc.o(i.HAL_RCC_OscConfig)
    HAL_SYSTICK_Config                       0x080019b5   Thumb Code    46  stm32f0xx_hal_cortex.o(i.HAL_SYSTICK_Config)
    HAL_TIMEx_BreakCallback                  0x080019ed   Thumb Code     2  stm32f0xx_hal_tim_ex.o(i.HAL_TIMEx_BreakCallback)
    HAL_TIMEx_CommutationCallback            0x080019ef   Thumb Code     2  stm32f0xx_hal_tim_ex.o(i.HAL_TIMEx_CommutationCallback)
    HAL_TIMEx_ConfigBreakDeadTime            0x080019f1   Thumb Code   166  stm32f0xx_hal_tim_ex.o(i.HAL_TIMEx_ConfigBreakDeadTime)
    HAL_TIMEx_MasterConfigSynchronization    0x08001a97   Thumb Code    98  stm32f0xx_hal_tim_ex.o(i.HAL_TIMEx_MasterConfigSynchronization)
    HAL_TIM_Base_Init                        0x08001af9   Thumb Code    56  stm32f0xx_hal_tim.o(i.HAL_TIM_Base_Init)
    HAL_TIM_Base_MspInit                     0x08001b31   Thumb Code   150  stm32f0xx_hal_msp.o(i.HAL_TIM_Base_MspInit)
    HAL_TIM_Base_Start                       0x08001bd9   Thumb Code    30  stm32f0xx_hal_tim.o(i.HAL_TIM_Base_Start)
    HAL_TIM_ConfigClockSource                0x08001bf7   Thumb Code   318  stm32f0xx_hal_tim.o(i.HAL_TIM_ConfigClockSource)
    HAL_TIM_IC_CaptureCallback               0x08001d35   Thumb Code     2  stm32f0xx_hal_tim.o(i.HAL_TIM_IC_CaptureCallback)
    HAL_TIM_IRQHandler                       0x08001d37   Thumb Code   456  stm32f0xx_hal_tim.o(i.HAL_TIM_IRQHandler)
    HAL_TIM_MspPostInit                      0x08001f01   Thumb Code   224  stm32f0xx_hal_msp.o(i.HAL_TIM_MspPostInit)
    HAL_TIM_OC_DelayElapsedCallback          0x08001fed   Thumb Code     2  stm32f0xx_hal_tim.o(i.HAL_TIM_OC_DelayElapsedCallback)
    HAL_TIM_PWM_ConfigChannel                0x08001fef   Thumb Code   274  stm32f0xx_hal_tim.o(i.HAL_TIM_PWM_ConfigChannel)
    HAL_TIM_PWM_Init                         0x08002101   Thumb Code    56  stm32f0xx_hal_tim.o(i.HAL_TIM_PWM_Init)
    HAL_TIM_PWM_MspInit                      0x08002139   Thumb Code     2  stm32f0xx_hal_tim.o(i.HAL_TIM_PWM_MspInit)
    HAL_TIM_PWM_PulseFinishedCallback        0x0800213b   Thumb Code     2  stm32f0xx_hal_tim.o(i.HAL_TIM_PWM_PulseFinishedCallback)
    HAL_TIM_PWM_Start_IT                     0x0800213d   Thumb Code   158  stm32f0xx_hal_tim.o(i.HAL_TIM_PWM_Start_IT)
    HAL_TIM_PeriodElapsedCallback            0x080021e9   Thumb Code    18  main.o(i.HAL_TIM_PeriodElapsedCallback)
    HAL_TIM_TriggerCallback                  0x08002201   Thumb Code     2  stm32f0xx_hal_tim.o(i.HAL_TIM_TriggerCallback)
    HAL_UARTEx_WakeupCallback                0x08002203   Thumb Code     2  stm32f0xx_hal_uart_ex.o(i.HAL_UARTEx_WakeupCallback)
    HAL_UART_ErrorCallback                   0x08002205   Thumb Code     2  stm32f0xx_hal_uart.o(i.HAL_UART_ErrorCallback)
    HAL_UART_IRQHandler                      0x08002209   Thumb Code   444  stm32f0xx_hal_uart.o(i.HAL_UART_IRQHandler)
    HAL_UART_Init                            0x080023c9   Thumb Code   130  stm32f0xx_hal_uart.o(i.HAL_UART_Init)
    HAL_UART_MspInit                         0x0800244d   Thumb Code   132  stm32f0xx_hal_msp.o(i.HAL_UART_MspInit)
    HAL_UART_Receive_IT                      0x080024d9   Thumb Code   230  stm32f0xx_hal_uart.o(i.HAL_UART_Receive_IT)
    HAL_UART_RxCpltCallback                  0x080025c5   Thumb Code   656  tartea_telemetria.o(i.HAL_UART_RxCpltCallback)
    HAL_UART_Transmit                        0x08002879   Thumb Code   240  stm32f0xx_hal_uart.o(i.HAL_UART_Transmit)
    HAL_UART_TxCpltCallback                  0x08002969   Thumb Code     2  stm32f0xx_hal_uart.o(i.HAL_UART_TxCpltCallback)
    HardFault_Handler                        0x0800296b   Thumb Code     4  stm32f0xx_it.o(i.HardFault_Handler)
    Init_Thread_Sensores                     0x08002971   Thumb Code    30  tartea_sensores.o(i.Init_Thread_Sensores)
    LED_On_Off                               0x08002999   Thumb Code    60  leds.o(i.LED_On_Off)
    MC_Load_Setup                            0x080029d9   Thumb Code    56  flash.o(i.MC_Load_Setup)
    MC_Write_Setup                           0x08002a15   Thumb Code    20  flash.o(i.MC_Write_Setup)
    Motores_Control                          0x08002dbd   Thumb Code   200  motores.o(i.Motores_Control)
    Motores_Init                             0x08002e8d   Thumb Code    52  motores.o(i.Motores_Init)
    NMI_Handler                              0x08002ecd   Thumb Code     2  stm32f0xx_it.o(i.NMI_Handler)
    Sensores_Calibracion_Backgound           0x08002ed1   Thumb Code    78  tartea_sensores.o(i.Sensores_Calibracion_Backgound)
    Sensores_Calibracion_Line                0x08002f29   Thumb Code   208  tartea_sensores.o(i.Sensores_Calibracion_Line)
    SystemClock_Config                       0x08003011   Thumb Code    82  main.o(i.SystemClock_Config)
    SystemInit                               0x08003065   Thumb Code   104  system_stm32f0xx.o(i.SystemInit)
    TIM17_IRQHandler                         0x080030d9   Thumb Code    10  stm32f0xx_it.o(i.TIM17_IRQHandler)
    TIM_Base_SetConfig                       0x080030e9   Thumb Code   140  stm32f0xx_hal_tim.o(i.TIM_Base_SetConfig)
    TIM_CCxChannelCmd                        0x08003189   Thumb Code    28  stm32f0xx_hal_tim.o(i.TIM_CCxChannelCmd)
    TIM_ETR_SetConfig                        0x080031a5   Thumb Code    30  stm32f0xx_hal_tim.o(i.TIM_ETR_SetConfig)
    TIM_OC2_SetConfig                        0x08003281   Thumb Code   168  stm32f0xx_hal_tim.o(i.TIM_OC2_SetConfig)
    Thread_Control                           0x080034cd   Thumb Code  1284  tartea_control.o(i.Thread_Control)
    Thread_Sensores                          0x080039d9   Thumb Code   796  tartea_sensores.o(i.Thread_Sensores)
    Turbina_Control                          0x08003d21   Thumb Code    26  turbina.o(i.Turbina_Control)
    Turbina_Init                             0x08003d41   Thumb Code    30  turbina.o(i.Turbina_Init)
    UART_AdvFeatureConfig                    0x08003d69   Thumb Code   240  stm32f0xx_hal_uart.o(i.UART_AdvFeatureConfig)
    UART_CheckIdleState                      0x08003e59   Thumb Code   120  stm32f0xx_hal_uart.o(i.UART_CheckIdleState)
    UART_EndTransmit_IT                      0x08003f13   Thumb Code    32  stm32f0xx_hal_uart.o(i.UART_EndTransmit_IT)
    UART_Receive_IT                          0x08003f33   Thumb Code   142  stm32f0xx_hal_uart.o(i.UART_Receive_IT)
    UART_SetConfig                           0x08003fc1   Thumb Code   454  stm32f0xx_hal_uart.o(i.UART_SetConfig)
    UART_Transmit_IT                         0x080041a5   Thumb Code   114  stm32f0xx_hal_uart.o(i.UART_Transmit_IT)
    UART_WaitOnFlagUntilTimeout              0x08004217   Thumb Code   112  stm32f0xx_hal_uart.o(i.UART_WaitOnFlagUntilTimeout)
    USART2_IRQHandler                        0x08004289   Thumb Code    10  stm32f0xx_it.o(i.USART2_IRQHandler)
    VEL_Load_Default_Setup                   0x08004299   Thumb Code    58  tartea_control.o(i.VEL_Load_Default_Setup)
    _init_box                                0x08004365   Thumb Code    72  rt_membox.o(i._init_box)
    _mutex_acquire                           0x080043ad   Thumb Code    22  rtx_conf_cm.o(i._mutex_acquire)
    _mutex_release                           0x080043d1   Thumb Code    20  rtx_conf_cm.o(i._mutex_release)
    isrMessageGet                            0x080043ed   Thumb Code    46  rt_cmsis.o(i.isrMessageGet)
    isrMessagePut                            0x0800441b   Thumb Code    48  rt_cmsis.o(i.isrMessagePut)
    isr_mbx_receive                          0x0800444b   Thumb Code    76  rt_mailbox.o(i.isr_mbx_receive)
    isr_mbx_send                             0x08004497   Thumb Code    12  rt_mailbox.o(i.isr_mbx_send)
    main                                     0x080044a3   Thumb Code    52  main.o(i.main)
    osDelay                                  0x080044d9   Thumb Code    22  rt_cmsis.o(i.osDelay)
    osKernelInitialize                       0x080044f5   Thumb Code    36  rt_cmsis.o(i.osKernelInitialize)
    osKernelStart                            0x0800451d   Thumb Code   100  rt_cmsis.o(i.osKernelStart)
    osMessageGet                             0x08004589   Thumb Code    24  rt_cmsis.o(i.osMessageGet)
    osThreadCreate                           0x080045a5   Thumb Code    44  rt_cmsis.o(i.osThreadCreate)
    osThreadExit                             0x080045d9   Thumb Code    14  rt_cmsis.o(i.osThreadExit)
    osTimerCall                              0x080045f1   Thumb Code    10  rt_cmsis.o(i.osTimerCall)
    osTimerThread                            0x08004601   Thumb Code    38  rt_cmsis.o(i.osTimerThread)
    os_error                                 0x0800462d   Thumb Code    34  rtx_conf_cm.o(i.os_error)
    os_idle_demon                            0x0800464f   Thumb Code     4  rtx_conf_cm.o(i.os_idle_demon)
    os_tick_init                             0x08004655   Thumb Code    32  rt_system.o(i.os_tick_init)
    os_tick_irqack                           0x08004681   Thumb Code     2  rt_system.o(i.os_tick_irqack)
    rt_alloc_box                             0x08004695   Thumb Code    30  rt_membox.o(i.rt_alloc_box)
    rt_alloc_mem                             0x080046b3   Thumb Code    66  rt_memory.o(i.rt_alloc_mem)
    rt_block                                 0x080046f5   Thumb Code    42  rt_task.o(i.rt_block)
    rt_chk_robin                             0x0800472d   Thumb Code    56  rt_robin.o(i.rt_chk_robin)
    rt_dec_dly                               0x08004771   Thumb Code   108  rt_list.o(i.rt_dec_dly)
    rt_dispatch                              0x080047e5   Thumb Code    56  rt_task.o(i.rt_dispatch)
    rt_dly_wait                              0x08004825   Thumb Code    10  rt_time.o(i.rt_dly_wait)
    rt_evt_psh                               0x08004831   Thumb Code    74  rt_event.o(i.rt_evt_psh)
    rt_free_box                              0x08004881   Thumb Code    38  rt_membox.o(i.rt_free_box)
    rt_free_mem                              0x080048a7   Thumb Code    48  rt_memory.o(i.rt_free_mem)
    rt_get_first                             0x080048d7   Thumb Code    42  rt_list.o(i.rt_get_first)
    rt_init_mem                              0x08004951   Thumb Code    28  rt_memory.o(i.rt_init_mem)
    rt_init_robin                            0x0800496d   Thumb Code    14  rt_robin.o(i.rt_init_robin)
    rt_init_stack                            0x08004985   Thumb Code   106  hal_cm.o(i.rt_init_stack)
    rt_mbx_check                             0x080049fd   Thumb Code     8  rt_mailbox.o(i.rt_mbx_check)
    rt_mbx_init                              0x08004a05   Thumb Code    30  rt_mailbox.o(i.rt_mbx_init)
    rt_mbx_psh                               0x08004a29   Thumb Code   204  rt_mailbox.o(i.rt_mbx_psh)
    rt_mbx_wait                              0x08004af9   Thumb Code   170  rt_mailbox.o(i.rt_mbx_wait)
    rt_mut_release                           0x08004bed   Thumb Code   206  rt_mutex.o(i.rt_mut_release)
    rt_mut_wait                              0x08004cc5   Thumb Code   118  rt_mutex.o(i.rt_mut_wait)
    rt_pop_req                               0x08004d45   Thumb Code   100  rt_system.o(i.rt_pop_req)
    rt_psh_req                               0x08004db5   Thumb Code    24  rt_system.o(i.rt_psh_req)
    rt_psq_enq                               0x08004dd5   Thumb Code    60  rt_list.o(i.rt_psq_enq)
    rt_put_dly                               0x08004e15   Thumb Code    74  rt_list.o(i.rt_put_dly)
    rt_put_prio                              0x08004e65   Thumb Code    60  rt_list.o(i.rt_put_prio)
    rt_put_rdy_first                         0x08004ea1   Thumb Code    14  rt_list.o(i.rt_put_rdy_first)
    rt_resort_prio                           0x08004eb5   Thumb Code    44  rt_list.o(i.rt_resort_prio)
    rt_ret_val                               0x08004ee5   Thumb Code     6  hal_cm.o(i.rt_ret_val)
    rt_ret_val2                              0x08004eeb   Thumb Code     8  hal_cm.o(i.rt_ret_val2)
    rt_rmv_dly                               0x08004ef3   Thumb Code    42  rt_list.o(i.rt_rmv_dly)
    rt_rmv_list                              0x08004f1d   Thumb Code    46  rt_list.o(i.rt_rmv_list)
    rt_sem_psh                               0x08004f51   Thumb Code    48  rt_semaphore.o(i.rt_sem_psh)
    rt_stk_check                             0x08004f85   Thumb Code    30  rt_system.o(i.rt_stk_check)
    rt_switch_req                            0x08004fad   Thumb Code    10  rt_task.o(i.rt_switch_req)
    rt_sys_init                              0x08004fbd   Thumb Code   134  rt_task.o(i.rt_sys_init)
    rt_sys_start                             0x08005085   Thumb Code    82  rt_task.o(i.rt_sys_start)
    rt_systick                               0x080050e9   Thumb Code    48  rt_system.o(i.rt_systick)
    rt_tsk_create                            0x08005171   Thumb Code   106  rt_task.o(i.rt_tsk_create)
    rt_tsk_delete                            0x080051e9   Thumb Code   318  rt_task.o(i.rt_tsk_delete)
    rt_tsk_prio                              0x08005341   Thumb Code   112  rt_task.o(i.rt_tsk_prio)
    rt_tsk_self                              0x080053c1   Thumb Code    12  rt_task.o(i.rt_tsk_self)
    svcDelay                                 0x080053d1   Thumb Code    18  rt_cmsis.o(i.svcDelay)
    svcKernelInitialize                      0x080053e5   Thumb Code    86  rt_cmsis.o(i.svcKernelInitialize)
    svcKernelStart                           0x0800545d   Thumb Code    66  rt_cmsis.o(i.svcKernelStart)
    svcMessageCreate                         0x080054a9   Thumb Code    42  rt_cmsis.o(i.svcMessageCreate)
    svcMessageGet                            0x080054d3   Thumb Code    60  rt_cmsis.o(i.svcMessageGet)
    svcThreadCreate                          0x08005511   Thumb Code   102  rt_cmsis.o(i.svcThreadCreate)
    svcThreadGetId                           0x08005585   Thumb Code    22  rt_cmsis.o(i.svcThreadGetId)
    svcThreadTerminate                       0x080055a1   Thumb Code    56  rt_cmsis.o(i.svcThreadTerminate)
    svcTimerCall                             0x080055dd   Thumb Code    28  rt_cmsis.o(i.svcTimerCall)
    sysTimerTick                             0x080055f9   Thumb Code    78  rt_cmsis.o(i.sysTimerTick)
    __aeabi_fadd                             0x080056ad   Thumb Code     0  faddsub.o(x$fpl$fadd)
    _fadd                                    0x080056ad   Thumb Code   134  faddsub.o(x$fpl$fadd)
    __aeabi_cfcmpeq                          0x08005739   Thumb Code     0  feqf.o(x$fpl$feqf)
    _fcmpeq                                  0x08005739   Thumb Code    78  feqf.o(x$fpl$feqf)
    __aeabi_cfcmple                          0x0800578d   Thumb Code     0  flef.o(x$fpl$fleqf)
    _fcmple                                  0x0800578d   Thumb Code    78  flef.o(x$fpl$fleqf)
    __aeabi_fmul                             0x080057e1   Thumb Code     0  fmul.o(x$fpl$fmul)
    _fmul                                    0x080057e1   Thumb Code   172  fmul.o(x$fpl$fmul)
    __aeabi_cfrcmple                         0x08005891   Thumb Code     0  frlef.o(x$fpl$frleqf)
    _frcmple                                 0x08005891   Thumb Code    84  frlef.o(x$fpl$frleqf)
    __aeabi_fsub                             0x080058e9   Thumb Code     0  faddsub.o(x$fpl$fsub)
    _fsub                                    0x080058e9   Thumb Code   204  faddsub.o(x$fpl$fsub)
    __I$use$fp                               0x080059b8   Number         0  usenofp.o(x$fpl$usenofp)
    os_thread_def_Thread_Sensores            0x080059b8   Data          16  tartea_sensores.o(.constdata)
    os_maxtaskrun                            0x080059c8   Data           2  rtx_conf_cm.o(.constdata)
    os_stackinfo                             0x080059cc   Data           4  rtx_conf_cm.o(.constdata)
    os_rrobin                                0x080059d0   Data           4  rtx_conf_cm.o(.constdata)
    os_tickfreq                              0x080059d4   Data           4  rtx_conf_cm.o(.constdata)
    os_tickus_i                              0x080059d8   Data           2  rtx_conf_cm.o(.constdata)
    os_tickus_f                              0x080059da   Data           2  rtx_conf_cm.o(.constdata)
    os_trv                                   0x080059dc   Data           4  rtx_conf_cm.o(.constdata)
    os_flags                                 0x080059e0   Data           1  rtx_conf_cm.o(.constdata)
    CMSIS_RTOS_API_Version                   0x080059e4   Data           4  rtx_conf_cm.o(.constdata)
    CMSIS_RTOS_RTX_Version                   0x080059e8   Data           4  rtx_conf_cm.o(.constdata)
    os_clockrate                             0x080059ec   Data           4  rtx_conf_cm.o(.constdata)
    os_timernum                              0x080059f0   Data           4  rtx_conf_cm.o(.constdata)
    mp_tcb_size                              0x080059f4   Data           2  rtx_conf_cm.o(.constdata)
    mp_stk_size                              0x080059f8   Data           4  rtx_conf_cm.o(.constdata)
    os_stack_sz                              0x080059fc   Data           4  rtx_conf_cm.o(.constdata)
    os_fifo_size                             0x08005a00   Data           1  rtx_conf_cm.o(.constdata)
    os_thread_def_osTimerThread              0x08005a04   Data          16  rtx_conf_cm.o(.constdata)
    os_messageQ_def_osTimerMessageQ          0x08005a14   Data           8  rtx_conf_cm.o(.constdata)
    mp_tmr_size                              0x08005a1c   Data           2  rtx_conf_cm.o(.constdata)
    os_thread_def_main                       0x08005a20   Data          16  rtx_conf_cm.o(.constdata)
    AHBPrescTable                            0x08005a30   Data          16  system_stm32f0xx.o(.constdata)
    APBPrescTable                            0x08005a40   Data           8  system_stm32f0xx.o(.constdata)
    Region$$Table$$Base                      0x08005a88   Number         0  anon$$obj.o(Region$$Table)
    Region$$Table$$Limit                     0x08005aa8   Number         0  anon$$obj.o(Region$$Table)
    sise_stup                                0x20000000   Data           4  flash.o(.data)
    startAddress                             0x20000004   Data           4  flash.o(.data)
    tid_Thread                               0x20000008   Data           4  tartea_sensores.o(.data)
    Sensores_peso                            0x2000000c   Data          24  tartea_sensores.o(.data)
    ultimo_error_valido                      0x20000024   Data           4  tartea_sensores.o(.data)
    Sensores_Error                           0x20000028   Data           4  tartea_sensores.o(.data)
    suma                                     0x2000002c   Data           4  tartea_sensores.o(.data)
    num_sensors                              0x20000030   Data           4  tartea_sensores.o(.data)
    count                                    0x20000034   Data           4  tartea_telemetria.o(.data)
    osThreadId_osTimerThread                 0x20000038   Data           4  rtx_conf_cm.o(.data)
    osMessageQId_osTimerMessageQ             0x2000003c   Data           4  rtx_conf_cm.o(.data)
    os_tmr                                   0x20000040   Data           4  rtx_conf_cm.o(.data)
    m_tmr                                    0x20000044   Data           4  rtx_conf_cm.o(.data)
    uwTick                                   0x2000004c   Data           4  stm32f0xx_hal.o(.data)
    SystemCoreClock                          0x20000050   Data           4  system_stm32f0xx.o(.data)
    os_initialized                           0x20000054   Data           1  rt_cmsis.o(.data)
    os_running                               0x20000055   Data           1  rt_cmsis.o(.data)
    os_timer_head                            0x20000058   Data           4  rt_cmsis.o(.data)
    os_tsk                                   0x2000005c   Data           8  rt_task.o(.data)
    os_tick_irqn                             0x20000068   Data           4  rt_system.o(.data)
    os_time                                  0x2000006c   Data           4  rt_time.o(.data)
    os_robin                                 0x20000070   Data           8  rt_robin.o(.data)
    vel                                      0x20000078   Data         208  tartea_control.o(.bss)
    vel_setup                                0x20000148   Data          48  tartea_control.o(.bss)
    sensor_timing                            0x20000178   Data          24  tartea_sensores.o(.bss)
    sensores_actual                          0x20000190   Data          24  tartea_sensores.o(.bss)
    sensores_estado                          0x200001a8   Data          24  tartea_sensores.o(.bss)
    sensores_leidos                          0x200001c0   Data          24  tartea_sensores.o(.bss)
    max_sens                                 0x200001d8   Data          24  tartea_sensores.o(.bss)
    min_sens                                 0x200001f0   Data          24  tartea_sensores.o(.bss)
    uart_buffer_rx                           0x20000208   Data          32  tartea_telemetria.o(.bss)
    uart_buffer_tx                           0x20000228   Data          32  tartea_telemetria.o(.bss)
    uart_rx                                  0x20000248   Data          10  tartea_telemetria.o(.bss)
    htim1                                    0x20000254   Data          64  main.o(.bss)
    htim2                                    0x20000294   Data          64  main.o(.bss)
    htim3                                    0x200002d4   Data          64  main.o(.bss)
    htim14                                   0x20000314   Data          64  main.o(.bss)
    huart2                                   0x20000354   Data         112  main.o(.bss)
    htim17                                   0x200003c4   Data          64  stm32f0xx_it.o(.bss)
    mp_tcb                                   0x20000408   Data         376  rtx_conf_cm.o(.bss)
    mp_stk                                   0x20000580   Data        1216  rtx_conf_cm.o(.bss)
    os_stack_mem                             0x20000a40   Data         632  rtx_conf_cm.o(.bss)
    os_fifo                                  0x20000cb8   Data         132  rtx_conf_cm.o(.bss)
    os_active_TCB                            0x20000d3c   Data          28  rtx_conf_cm.o(.bss)
    os_messageQ_q_osTimerMessageQ            0x20000d58   Data          32  rtx_conf_cm.o(.bss)
    pFlash                                   0x20001098   Data          32  stm32f0xx_hal_flash.o(.bss)
    os_idle_TCB                              0x200010b8   Data          52  rt_task.o(.bss)
    os_rdy                                   0x200010ec   Data          24  rt_list.o(.bss)
    os_dly                                   0x20001104   Data          24  rt_list.o(.bss)
    __libspace_start                         0x2000111c   Data          96  libspace.o(.bss)
    __temporary_stack_top$libspace           0x2000117c   Data           0  libspace.o(.bss)



==============================================================================

Memory Map of the image

  Image Entry point : 0x080002fd

  Load Region LR_1 (Base: 0x08000000, Size: 0x00005b20, Max: 0xffffffff, ABSOLUTE)

    Execution Region ER_RO (Exec base: 0x08000000, Load base: 0x08000000, Size: 0x00005aa8, Max: 0xffffffff, ABSOLUTE)

    Exec Addr    Load Addr    Size         Type   Attr      Idx    E Section Name        Object

    0x08000000   0x08000000   0x000000c0   Data   RO         3957    RESET               startup_stm32f042x6.o
    0x080000c0   0x080000c0   0x00000008   Code   RO         5282  * !!!main             c_p.l(__main.o)
    0x080000c8   0x080000c8   0x0000003c   Code   RO         5490    !!!scatter          c_p.l(__scatter.o)
    0x08000104   0x08000104   0x0000001a   Code   RO         5492    !!handler_copy      c_p.l(__scatter_copy.o)
    0x0800011e   0x0800011e   0x00000002   PAD
    0x08000120   0x08000120   0x0000001c   Code   RO         5494    !!handler_zi        c_p.l(__scatter_zi.o)
    0x0800013c   0x0800013c   0x00000002   Code   RO         5269    .ARM.Collect$$_printf_percent$$00000000  c_p.l(_printf_percent.o)
    0x0800013e   0x0800013e   0x0000000a   Code   RO         5268    .ARM.Collect$$_printf_percent$$00000009  c_p.l(_printf_d.o)
    0x08000148   0x08000148   0x00000004   Code   RO         5322    .ARM.Collect$$_printf_percent$$00000017  c_p.l(_printf_percent_end.o)
    0x0800014c   0x0800014c   0x00000002   Code   RO         5373    .ARM.Collect$$libinit$$00000000  c_p.l(libinit.o)
    0x0800014e   0x0800014e   0x00000000   Code   RO         5388    .ARM.Collect$$libinit$$00000002  c_p.l(libinit2.o)
    0x0800014e   0x0800014e   0x00000000   Code   RO         5390    .ARM.Collect$$libinit$$00000004  c_p.l(libinit2.o)
    0x0800014e   0x0800014e   0x00000000   Code   RO         5393    .ARM.Collect$$libinit$$0000000A  c_p.l(libinit2.o)
    0x0800014e   0x0800014e   0x00000000   Code   RO         5395    .ARM.Collect$$libinit$$0000000C  c_p.l(libinit2.o)
    0x0800014e   0x0800014e   0x00000000   Code   RO         5397    .ARM.Collect$$libinit$$0000000E  c_p.l(libinit2.o)
    0x0800014e   0x0800014e   0x00000000   Code   RO         5400    .ARM.Collect$$libinit$$00000011  c_p.l(libinit2.o)
    0x0800014e   0x0800014e   0x00000000   Code   RO         5402    .ARM.Collect$$libinit$$00000013  c_p.l(libinit2.o)
    0x0800014e   0x0800014e   0x00000000   Code   RO         5404    .ARM.Collect$$libinit$$00000015  c_p.l(libinit2.o)
    0x0800014e   0x0800014e   0x00000000   Code   RO         5406    .ARM.Collect$$libinit$$00000017  c_p.l(libinit2.o)
    0x0800014e   0x0800014e   0x00000000   Code   RO         5408    .ARM.Collect$$libinit$$00000019  c_p.l(libinit2.o)
    0x0800014e   0x0800014e   0x00000000   Code   RO         5410    .ARM.Collect$$libinit$$0000001B  c_p.l(libinit2.o)
    0x0800014e   0x0800014e   0x00000000   Code   RO         5412    .ARM.Collect$$libinit$$0000001D  c_p.l(libinit2.o)
    0x0800014e   0x0800014e   0x00000000   Code   RO         5414    .ARM.Collect$$libinit$$0000001F  c_p.l(libinit2.o)
    0x0800014e   0x0800014e   0x00000000   Code   RO         5416    .ARM.Collect$$libinit$$00000021  c_p.l(libinit2.o)
    0x0800014e   0x0800014e   0x00000000   Code   RO         5418    .ARM.Collect$$libinit$$00000023  c_p.l(libinit2.o)
    0x0800014e   0x0800014e   0x00000000   Code   RO         5420    .ARM.Collect$$libinit$$00000025  c_p.l(libinit2.o)
    0x0800014e   0x0800014e   0x00000000   Code   RO         5424    .ARM.Collect$$libinit$$0000002C  c_p.l(libinit2.o)
    0x0800014e   0x0800014e   0x00000000   Code   RO         5426    .ARM.Collect$$libinit$$0000002E  c_p.l(libinit2.o)
    0x0800014e   0x0800014e   0x00000000   Code   RO         5428    .ARM.Collect$$libinit$$00000030  c_p.l(libinit2.o)
    0x0800014e   0x0800014e   0x00000000   Code   RO         5430    .ARM.Collect$$libinit$$00000032  c_p.l(libinit2.o)
    0x0800014e   0x0800014e   0x00000002   Code   RO         5431    .ARM.Collect$$libinit$$00000033  c_p.l(libinit2.o)
    0x08000150   0x08000150   0x00000002   Code   RO         5374    .ARM.Collect$$libshutdown$$00000000  c_p.l(libshutdown.o)
    0x08000152   0x08000152   0x00000000   Code   RO         5433    .ARM.Collect$$libshutdown$$00000002  c_p.l(libshutdown2.o)
    0x08000152   0x08000152   0x00000000   Code   RO         5435    .ARM.Collect$$libshutdown$$00000004  c_p.l(libshutdown2.o)
    0x08000152   0x08000152   0x00000000   Code   RO         5438    .ARM.Collect$$libshutdown$$00000007  c_p.l(libshutdown2.o)
    0x08000152   0x08000152   0x00000000   Code   RO         5441    .ARM.Collect$$libshutdown$$0000000A  c_p.l(libshutdown2.o)
    0x08000152   0x08000152   0x00000000   Code   RO         5443    .ARM.Collect$$libshutdown$$0000000C  c_p.l(libshutdown2.o)
    0x08000152   0x08000152   0x00000000   Code   RO         5446    .ARM.Collect$$libshutdown$$0000000F  c_p.l(libshutdown2.o)
    0x08000152   0x08000152   0x00000002   Code   RO         5447    .ARM.Collect$$libshutdown$$00000010  c_p.l(libshutdown2.o)
    0x08000154   0x08000154   0x00000000   Code   RO         5305    .ARM.Collect$$rtentry$$00000000  c_p.l(__rtentry.o)
    0x08000154   0x08000154   0x00000000   Code   RO         5329    .ARM.Collect$$rtentry$$00000002  c_p.l(__rtentry2.o)
    0x08000154   0x08000154   0x00000006   Code   RO         5341    .ARM.Collect$$rtentry$$00000004  c_p.l(__rtentry4.o)
    0x0800015a   0x0800015a   0x00000000   Code   RO         5331    .ARM.Collect$$rtentry$$00000009  c_p.l(__rtentry2.o)
    0x0800015a   0x0800015a   0x00000004   Code   RO         5332    .ARM.Collect$$rtentry$$0000000A  c_p.l(__rtentry2.o)
    0x0800015e   0x0800015e   0x00000008   Code   RO         5333    .ARM.Collect$$rtentry$$0000000B  c_p.l(__rtentry2.o)
    0x08000166   0x08000166   0x00000008   Code   RO         5335    .ARM.Collect$$rtentry$$0000000D  c_p.l(__rtentry2.o)
    0x0800016e   0x0800016e   0x00000002   Code   RO         5306    .ARM.Collect$$rtexit$$00000000  c_p.l(rtexit.o)
    0x08000170   0x08000170   0x00000000   Code   RO         5344    .ARM.Collect$$rtexit$$00000002  c_p.l(rtexit2.o)
    0x08000170   0x08000170   0x00000004   Code   RO         5345    .ARM.Collect$$rtexit$$00000003  c_p.l(rtexit2.o)
    0x08000174   0x08000174   0x00000006   Code   RO         5346    .ARM.Collect$$rtexit$$00000004  c_p.l(rtexit2.o)
    0x0800017a   0x0800017a   0x00000002   PAD
    0x0800017c   0x0800017c   0x0000001c   Code   RO          525    .emb_text           rtx_conf_cm.o
    0x08000198   0x08000198   0x00000164   Code   RO         5218    .emb_text           RTX_CM0.lib(hal_cm0.o)
    0x080002fc   0x080002fc   0x00000074   Code   RO         3958  * .text               startup_stm32f042x6.o
    0x08000370   0x08000370   0x00000008   Code   RO         5233    .text               c_p.l(libspace.o)
    0x08000378   0x08000378   0x00000022   Code   RO         5236    .text               c_p.l(llushr.o)
    0x0800039a   0x0800039a   0x00000002   PAD
    0x0800039c   0x0800039c   0x00000028   Code   RO         5242    .text               c_p.l(noretval__2sprintf.o)
    0x080003c4   0x080003c4   0x0000006c   Code   RO         5244    .text               c_p.l(__printf.o)
    0x08000430   0x08000430   0x0000006c   Code   RO         5246    .text               c_p.l(_printf_dec.o)
    0x0800049c   0x0800049c   0x00000010   Code   RO         5270    .text               c_p.l(exit.o)
    0x080004ac   0x080004ac   0x00000044   Code   RO         5272    .text               c_p.l(strlen.o)
    0x080004f0   0x080004f0   0x00000040   Code   RO         5274    .text               c_p.l(rt_memclr.o)
    0x08000530   0x08000530   0x0000015a   Code   RO         5276    .text               c_p.l(aeabi_sdiv.o)
    0x0800068a   0x0800068a   0x00000006   Code   RO         5280    .text               c_p.l(heapauxi.o)
    0x08000690   0x08000690   0x00000160   Code   RO         5290    .text               fz_ps.l(fdiv.o)
    0x080007f0   0x080007f0   0x0000004c   Code   RO         5295    .text               fz_ps.l(ffixi.o)
    0x0800083c   0x0800083c   0x0000005e   Code   RO         5297    .text               fz_ps.l(fflti.o)
    0x0800089a   0x0800089a   0x000000b0   Code   RO         5316    .text               c_p.l(_printf_intcommon.o)
    0x0800094a   0x0800094a   0x00000002   PAD
    0x0800094c   0x0800094c   0x00000030   Code   RO         5318    .text               c_p.l(_printf_char_common.o)
    0x0800097c   0x0800097c   0x0000000a   Code   RO         5320    .text               c_p.l(_sputc.o)
    0x08000986   0x08000986   0x00000028   Code   RO         5323    .text               c_p.l(rtudiv10.o)
    0x080009ae   0x080009ae   0x00000002   PAD
    0x080009b0   0x080009b0   0x00000064   Code   RO         5325    .text               fz_ps.l(fcmpin.o)
    0x08000a14   0x08000a14   0x0000002e   Code   RO         5354    .text               fz_ps.l(cmpret.o)
    0x08000a42   0x08000a42   0x00000002   PAD
    0x08000a44   0x08000a44   0x00000010   Code   RO         5356    .text               fz_ps.l(fnan2.o)
    0x08000a54   0x08000a54   0x0000000c   Code   RO         5358    .text               c_p.l(sys_exit.o)
    0x08000a60   0x08000a60   0x0000003e   Code   RO         5360    .text               c_p.l(sys_stackheap_outer.o)
    0x08000a9e   0x08000a9e   0x0000005e   Code   RO         5375    .text               fz_ps.l(retnan.o)
    0x08000afc   0x08000afc   0x00000002   Code   RO         5377    .text               c_p.l(use_no_semi.o)
    0x08000afe   0x08000afe   0x00000000   Code   RO         5379    .text               c_p.l(indicate_semi.o)
    0x08000afe   0x08000afe   0x00000002   PAD
    0x08000b00   0x08000b00   0x00000004   Code   RO         5228    SVC_TABLE           RTX_CM0.lib(svc_table.o)
    0x08000b04   0x08000b04   0x00000048   Code   RO          226    i.Control_RM        tartea_control.o
    0x08000b4c   0x08000b4c   0x0000001c   Code   RO          227    i.Control_SW        tartea_control.o
    0x08000b68   0x08000b68   0x00000060   Code   RO            3    i.Erase_Page_Flash  flash.o
    0x08000bc8   0x08000bc8   0x00000002   Code   RO          385    i.Error_Handler     main.o
    0x08000bca   0x08000bca   0x00000002   PAD
    0x08000bcc   0x08000bcc   0x00000020   Code   RO         1088    i.FLASH_Program_HalfWord  stm32f0xx_hal_flash.o
    0x08000bec   0x08000bec   0x00000048   Code   RO         1089    i.FLASH_SetErrorCode  stm32f0xx_hal_flash.o
    0x08000c34   0x08000c34   0x00000068   Code   RO         1090    i.FLASH_WaitForLastOperation  stm32f0xx_hal_flash.o
    0x08000c9c   0x08000c9c   0x00000058   Code   RO          989    i.HAL_DMA_Abort_IT  stm32f0xx_hal_dma.o
    0x08000cf4   0x08000cf4   0x00000014   Code   RO         1094    i.HAL_FLASH_Lock    stm32f0xx_hal_flash.o
    0x08000d08   0x08000d08   0x000000bc   Code   RO         1099    i.HAL_FLASH_Program  stm32f0xx_hal_flash.o
    0x08000dc4   0x08000dc4   0x0000002c   Code   RO         1101    i.HAL_FLASH_Unlock  stm32f0xx_hal_flash.o
    0x08000df0   0x08000df0   0x000001e0   Code   RO         1300    i.HAL_GPIO_Init     stm32f0xx_hal_gpio.o
    0x08000fd0   0x08000fd0   0x00000012   Code   RO         1302    i.HAL_GPIO_ReadPin  stm32f0xx_hal_gpio.o
    0x08000fe2   0x08000fe2   0x0000000c   Code   RO         1304    i.HAL_GPIO_WritePin  stm32f0xx_hal_gpio.o
    0x08000fee   0x08000fee   0x00000002   PAD
    0x08000ff0   0x08000ff0   0x0000000c   Code   RO          594    i.HAL_GetTick       stm32f0xx_hal.o
    0x08000ffc   0x08000ffc   0x00000010   Code   RO          598    i.HAL_IncTick       stm32f0xx_hal.o
    0x0800100c   0x0800100c   0x00000020   Code   RO          599    i.HAL_Init          stm32f0xx_hal.o
    0x0800102c   0x0800102c   0x00000026   Code   RO          600    i.HAL_InitTick      stm32f0xx_hal.o
    0x08001052   0x08001052   0x00000002   PAD
    0x08001054   0x08001054   0x00000040   Code   RO         3964    i.HAL_MspInit       stm32f0xx_hal_msp.o
    0x08001094   0x08001094   0x0000001c   Code   RO          818    i.HAL_NVIC_EnableIRQ  stm32f0xx_hal_cortex.o
    0x080010b0   0x080010b0   0x00000012   Code   RO          822    i.HAL_NVIC_SetPriority  stm32f0xx_hal_cortex.o
    0x080010c2   0x080010c2   0x00000002   PAD
    0x080010c4   0x080010c4   0x000001d0   Code   RO         2098    i.HAL_RCC_ClockConfig  stm32f0xx_hal_rcc.o
    0x08001294   0x08001294   0x0000000c   Code   RO         2103    i.HAL_RCC_GetHCLKFreq  stm32f0xx_hal_rcc.o
    0x080012a0   0x080012a0   0x00000024   Code   RO         2105    i.HAL_RCC_GetPCLK1Freq  stm32f0xx_hal_rcc.o
    0x080012c4   0x080012c4   0x000000f0   Code   RO         2106    i.HAL_RCC_GetSysClockFreq  stm32f0xx_hal_rcc.o
    0x080013b4   0x080013b4   0x00000600   Code   RO         2109    i.HAL_RCC_OscConfig  stm32f0xx_hal_rcc.o
    0x080019b4   0x080019b4   0x00000038   Code   RO          826    i.HAL_SYSTICK_Config  stm32f0xx_hal_cortex.o
    0x080019ec   0x080019ec   0x00000002   Code   RO         3063    i.HAL_TIMEx_BreakCallback  stm32f0xx_hal_tim_ex.o
    0x080019ee   0x080019ee   0x00000002   Code   RO         3064    i.HAL_TIMEx_CommutationCallback  stm32f0xx_hal_tim_ex.o
    0x080019f0   0x080019f0   0x000000a6   Code   RO         3065    i.HAL_TIMEx_ConfigBreakDeadTime  stm32f0xx_hal_tim_ex.o
    0x08001a96   0x08001a96   0x00000062   Code   RO         3080    i.HAL_TIMEx_MasterConfigSynchronization  stm32f0xx_hal_tim_ex.o
    0x08001af8   0x08001af8   0x00000038   Code   RO         2411    i.HAL_TIM_Base_Init  stm32f0xx_hal_tim.o
    0x08001b30   0x08001b30   0x000000a8   Code   RO         3966    i.HAL_TIM_Base_MspInit  stm32f0xx_hal_msp.o
    0x08001bd8   0x08001bd8   0x0000001e   Code   RO         2414    i.HAL_TIM_Base_Start  stm32f0xx_hal_tim.o
    0x08001bf6   0x08001bf6   0x0000013e   Code   RO         2420    i.HAL_TIM_ConfigClockSource  stm32f0xx_hal_tim.o
    0x08001d34   0x08001d34   0x00000002   Code   RO         2442    i.HAL_TIM_IC_CaptureCallback  stm32f0xx_hal_tim.o
    0x08001d36   0x08001d36   0x000001c8   Code   RO         2455    i.HAL_TIM_IRQHandler  stm32f0xx_hal_tim.o
    0x08001efe   0x08001efe   0x00000002   PAD
    0x08001f00   0x08001f00   0x000000ec   Code   RO         3967    i.HAL_TIM_MspPostInit  stm32f0xx_hal_msp.o
    0x08001fec   0x08001fec   0x00000002   Code   RO         2458    i.HAL_TIM_OC_DelayElapsedCallback  stm32f0xx_hal_tim.o
    0x08001fee   0x08001fee   0x00000112   Code   RO         2479    i.HAL_TIM_PWM_ConfigChannel  stm32f0xx_hal_tim.o
    0x08002100   0x08002100   0x00000038   Code   RO         2482    i.HAL_TIM_PWM_Init  stm32f0xx_hal_tim.o
    0x08002138   0x08002138   0x00000002   Code   RO         2484    i.HAL_TIM_PWM_MspInit  stm32f0xx_hal_tim.o
    0x0800213a   0x0800213a   0x00000002   Code   RO         2485    i.HAL_TIM_PWM_PulseFinishedCallback  stm32f0xx_hal_tim.o
    0x0800213c   0x0800213c   0x000000ac   Code   RO         2488    i.HAL_TIM_PWM_Start_IT  stm32f0xx_hal_tim.o
    0x080021e8   0x080021e8   0x00000018   Code   RO          386    i.HAL_TIM_PeriodElapsedCallback  main.o
    0x08002200   0x08002200   0x00000002   Code   RO         2496    i.HAL_TIM_TriggerCallback  stm32f0xx_hal_tim.o
    0x08002202   0x08002202   0x00000002   Code   RO         3669    i.HAL_UARTEx_WakeupCallback  stm32f0xx_hal_uart_ex.o
    0x08002204   0x08002204   0x00000002   Code   RO         3340    i.HAL_UART_ErrorCallback  stm32f0xx_hal_uart.o
    0x08002206   0x08002206   0x00000002   PAD
    0x08002208   0x08002208   0x000001c0   Code   RO         3343    i.HAL_UART_IRQHandler  stm32f0xx_hal_uart.o
    0x080023c8   0x080023c8   0x00000082   Code   RO         3344    i.HAL_UART_Init     stm32f0xx_hal_uart.o
    0x0800244a   0x0800244a   0x00000002   PAD
    0x0800244c   0x0800244c   0x0000008c   Code   RO         3969    i.HAL_UART_MspInit  stm32f0xx_hal_msp.o
    0x080024d8   0x080024d8   0x000000ec   Code   RO         3349    i.HAL_UART_Receive_IT  stm32f0xx_hal_uart.o
    0x080025c4   0x080025c4   0x000002b4   Code   RO          325    i.HAL_UART_RxCpltCallback  tartea_telemetria.o
    0x08002878   0x08002878   0x000000f0   Code   RO         3352    i.HAL_UART_Transmit  stm32f0xx_hal_uart.o
    0x08002968   0x08002968   0x00000002   Code   RO         3355    i.HAL_UART_TxCpltCallback  stm32f0xx_hal_uart.o
    0x0800296a   0x0800296a   0x00000004   Code   RO          478    i.HardFault_Handler  stm32f0xx_it.o
    0x0800296e   0x0800296e   0x00000002   PAD
    0x08002970   0x08002970   0x00000028   Code   RO          277    i.Init_Thread_Sensores  tartea_sensores.o
    0x08002998   0x08002998   0x00000040   Code   RO          165    i.LED_On_Off        leds.o
    0x080029d8   0x080029d8   0x0000003c   Code   RO            4    i.MC_Load_Setup     flash.o
    0x08002a14   0x08002a14   0x0000001c   Code   RO            6    i.MC_Write_Setup    flash.o
    0x08002a30   0x08002a30   0x000000b4   Code   RO          387    i.MX_GPIO_Init      main.o
    0x08002ae4   0x08002ae4   0x00000034   Code   RO          388    i.MX_TIM14_Init     main.o
    0x08002b18   0x08002b18   0x000000e4   Code   RO          389    i.MX_TIM1_Init      main.o
    0x08002bfc   0x08002bfc   0x000000bc   Code   RO          390    i.MX_TIM2_Init      main.o
    0x08002cb8   0x08002cb8   0x000000c0   Code   RO          391    i.MX_TIM3_Init      main.o
    0x08002d78   0x08002d78   0x00000044   Code   RO          392    i.MX_USART2_UART_Init  main.o
    0x08002dbc   0x08002dbc   0x000000d0   Code   RO          192    i.Motores_Control   motores.o
    0x08002e8c   0x08002e8c   0x00000040   Code   RO          193    i.Motores_Init      motores.o
    0x08002ecc   0x08002ecc   0x00000002   Code   RO          479    i.NMI_Handler       stm32f0xx_it.o
    0x08002ece   0x08002ece   0x00000002   PAD
    0x08002ed0   0x08002ed0   0x00000058   Code   RO          278    i.Sensores_Calibracion_Backgound  tartea_sensores.o
    0x08002f28   0x08002f28   0x000000e8   Code   RO          279    i.Sensores_Calibracion_Line  tartea_sensores.o
    0x08003010   0x08003010   0x00000052   Code   RO          393    i.SystemClock_Config  main.o
    0x08003062   0x08003062   0x00000002   PAD
    0x08003064   0x08003064   0x00000074   Code   RO         4019    i.SystemInit        system_stm32f0xx.o
    0x080030d8   0x080030d8   0x00000010   Code   RO          480    i.TIM17_IRQHandler  stm32f0xx_it.o
    0x080030e8   0x080030e8   0x000000a0   Code   RO         2497    i.TIM_Base_SetConfig  stm32f0xx_hal_tim.o
    0x08003188   0x08003188   0x0000001c   Code   RO         2498    i.TIM_CCxChannelCmd  stm32f0xx_hal_tim.o
    0x080031a4   0x080031a4   0x0000001e   Code   RO         2504    i.TIM_ETR_SetConfig  stm32f0xx_hal_tim.o
    0x080031c2   0x080031c2   0x0000001a   Code   RO         2505    i.TIM_ITRx_SetConfig  stm32f0xx_hal_tim.o
    0x080031dc   0x080031dc   0x000000a4   Code   RO         2506    i.TIM_OC1_SetConfig  stm32f0xx_hal_tim.o
    0x08003280   0x08003280   0x000000b4   Code   RO         2507    i.TIM_OC2_SetConfig  stm32f0xx_hal_tim.o
    0x08003334   0x08003334   0x000000b0   Code   RO         2508    i.TIM_OC3_SetConfig  stm32f0xx_hal_tim.o
    0x080033e4   0x080033e4   0x0000007c   Code   RO         2509    i.TIM_OC4_SetConfig  stm32f0xx_hal_tim.o
    0x08003460   0x08003460   0x00000036   Code   RO         2511    i.TIM_TI1_ConfigInputStage  stm32f0xx_hal_tim.o
    0x08003496   0x08003496   0x00000036   Code   RO         2513    i.TIM_TI2_ConfigInputStage  stm32f0xx_hal_tim.o
    0x080034cc   0x080034cc   0x0000050c   Code   RO          228    i.Thread_Control    tartea_control.o
    0x080039d8   0x080039d8   0x00000348   Code   RO          280    i.Thread_Sensores   tartea_sensores.o
    0x08003d20   0x08003d20   0x00000020   Code   RO          354    i.Turbina_Control   turbina.o
    0x08003d40   0x08003d40   0x00000028   Code   RO          355    i.Turbina_Init      turbina.o
    0x08003d68   0x08003d68   0x000000f0   Code   RO         3357    i.UART_AdvFeatureConfig  stm32f0xx_hal_uart.o
    0x08003e58   0x08003e58   0x00000080   Code   RO         3358    i.UART_CheckIdleState  stm32f0xx_hal_uart.o
    0x08003ed8   0x08003ed8   0x00000018   Code   RO         3359    i.UART_DMAAbortOnError  stm32f0xx_hal_uart.o
    0x08003ef0   0x08003ef0   0x00000022   Code   RO         3369    i.UART_EndRxTransfer  stm32f0xx_hal_uart.o
    0x08003f12   0x08003f12   0x00000020   Code   RO         3370    i.UART_EndTransmit_IT  stm32f0xx_hal_uart.o
    0x08003f32   0x08003f32   0x0000008e   Code   RO         3372    i.UART_Receive_IT   stm32f0xx_hal_uart.o
    0x08003fc0   0x08003fc0   0x000001e4   Code   RO         3373    i.UART_SetConfig    stm32f0xx_hal_uart.o
    0x080041a4   0x080041a4   0x00000072   Code   RO         3374    i.UART_Transmit_IT  stm32f0xx_hal_uart.o
    0x08004216   0x08004216   0x00000070   Code   RO         3375    i.UART_WaitOnFlagUntilTimeout  stm32f0xx_hal_uart.o
    0x08004286   0x08004286   0x00000002   PAD
    0x08004288   0x08004288   0x00000010   Code   RO          481    i.USART2_IRQHandler  stm32f0xx_it.o
    0x08004298   0x08004298   0x00000054   Code   RO          229    i.VEL_Load_Default_Setup  tartea_control.o
    0x080042ec   0x080042ec   0x00000078   Code   RO          828    i.__NVIC_SetPriority  stm32f0xx_hal_cortex.o
    0x08004364   0x08004364   0x00000048   Code   RO         5141    i._init_box         RTX_CM0.lib(rt_membox.o)
    0x080043ac   0x080043ac   0x00000024   Code   RO          527    i._mutex_acquire    rtx_conf_cm.o
    0x080043d0   0x080043d0   0x0000001c   Code   RO          529    i._mutex_release    rtx_conf_cm.o
    0x080043ec   0x080043ec   0x0000002e   Code   RO         4051    i.isrMessageGet     RTX_CM0.lib(rt_cmsis.o)
    0x0800441a   0x0800441a   0x00000030   Code   RO         4052    i.isrMessagePut     RTX_CM0.lib(rt_cmsis.o)
    0x0800444a   0x0800444a   0x0000004c   Code   RO         4996    i.isr_mbx_receive   RTX_CM0.lib(rt_mailbox.o)
    0x08004496   0x08004496   0x0000000c   Code   RO         4997    i.isr_mbx_send      RTX_CM0.lib(rt_mailbox.o)
    0x080044a2   0x080044a2   0x00000034   Code   RO          394    i.main              main.o
    0x080044d6   0x080044d6   0x00000002   PAD
    0x080044d8   0x080044d8   0x0000001c   Code   RO         4055    i.osDelay           RTX_CM0.lib(rt_cmsis.o)
    0x080044f4   0x080044f4   0x00000028   Code   RO         4056    i.osKernelInitialize  RTX_CM0.lib(rt_cmsis.o)
    0x0800451c   0x0800451c   0x0000006c   Code   RO         4058    i.osKernelStart     RTX_CM0.lib(rt_cmsis.o)
    0x08004588   0x08004588   0x0000001c   Code   RO         4067    i.osMessageGet      RTX_CM0.lib(rt_cmsis.o)
    0x080045a4   0x080045a4   0x00000034   Code   RO         4084    i.osThreadCreate    RTX_CM0.lib(rt_cmsis.o)
    0x080045d8   0x080045d8   0x00000018   Code   RO         4085    i.osThreadExit      RTX_CM0.lib(rt_cmsis.o)
    0x080045f0   0x080045f0   0x00000010   Code   RO         4091    i.osTimerCall       RTX_CM0.lib(rt_cmsis.o)
    0x08004600   0x08004600   0x0000002c   Code   RO         4096    i.osTimerThread     RTX_CM0.lib(rt_cmsis.o)
    0x0800462c   0x0800462c   0x00000022   Code   RO          530    i.os_error          rtx_conf_cm.o
    0x0800464e   0x0800464e   0x00000004   Code   RO          531    i.os_idle_demon     rtx_conf_cm.o
    0x08004652   0x08004652   0x00000002   PAD
    0x08004654   0x08004654   0x0000002c   Code   RO         4788    i.os_tick_init      RTX_CM0.lib(rt_system.o)
    0x08004680   0x08004680   0x00000002   Code   RO         4789    i.os_tick_irqack    RTX_CM0.lib(rt_system.o)
    0x08004682   0x08004682   0x00000002   PAD
    0x08004684   0x08004684   0x00000010   Code   RO            7    i.readFlash         flash.o
    0x08004694   0x08004694   0x0000001e   Code   RO         5142    i.rt_alloc_box      RTX_CM0.lib(rt_membox.o)
    0x080046b2   0x080046b2   0x00000042   Code   RO         5170    i.rt_alloc_mem      RTX_CM0.lib(rt_memory.o)
    0x080046f4   0x080046f4   0x00000038   Code   RO         4669    i.rt_block          RTX_CM0.lib(rt_task.o)
    0x0800472c   0x0800472c   0x00000044   Code   RO         5119    i.rt_chk_robin      RTX_CM0.lib(rt_robin.o)
    0x08004770   0x08004770   0x00000074   Code   RO         4920    i.rt_dec_dly        RTX_CM0.lib(rt_list.o)
    0x080047e4   0x080047e4   0x00000040   Code   RO         4670    i.rt_dispatch       RTX_CM0.lib(rt_task.o)
    0x08004824   0x08004824   0x0000000a   Code   RO         5086    i.rt_dly_wait       RTX_CM0.lib(rt_time.o)
    0x0800482e   0x0800482e   0x00000002   PAD
    0x08004830   0x08004830   0x00000050   Code   RO         4881    i.rt_evt_psh        RTX_CM0.lib(rt_event.o)
    0x08004880   0x08004880   0x00000026   Code   RO         5143    i.rt_free_box       RTX_CM0.lib(rt_membox.o)
    0x080048a6   0x080048a6   0x00000030   Code   RO         5171    i.rt_free_mem       RTX_CM0.lib(rt_memory.o)
    0x080048d6   0x080048d6   0x0000002a   Code   RO         4921    i.rt_get_first      RTX_CM0.lib(rt_list.o)
    0x08004900   0x08004900   0x00000008   Code   RO         4101    i.rt_id2obj         RTX_CM0.lib(rt_cmsis.o)
    0x08004908   0x08004908   0x00000048   Code   RO         4671    i.rt_init_context   RTX_CM0.lib(rt_task.o)
    0x08004950   0x08004950   0x0000001c   Code   RO         5172    i.rt_init_mem       RTX_CM0.lib(rt_memory.o)
    0x0800496c   0x0800496c   0x00000018   Code   RO         5120    i.rt_init_robin     RTX_CM0.lib(rt_robin.o)
    0x08004984   0x08004984   0x00000078   Code   RO         5194    i.rt_init_stack     RTX_CM0.lib(hal_cm.o)
    0x080049fc   0x080049fc   0x00000008   Code   RO         4998    i.rt_mbx_check      RTX_CM0.lib(rt_mailbox.o)
    0x08004a04   0x08004a04   0x00000024   Code   RO         4999    i.rt_mbx_init       RTX_CM0.lib(rt_mailbox.o)
    0x08004a28   0x08004a28   0x000000d0   Code   RO         5000    i.rt_mbx_psh        RTX_CM0.lib(rt_mailbox.o)
    0x08004af8   0x08004af8   0x000000b0   Code   RO         5002    i.rt_mbx_wait       RTX_CM0.lib(rt_mailbox.o)
    0x08004ba8   0x08004ba8   0x00000044   Code   RO         4102    i.rt_ms2tick        RTX_CM0.lib(rt_cmsis.o)
    0x08004bec   0x08004bec   0x000000d8   Code   RO         4755    i.rt_mut_release    RTX_CM0.lib(rt_mutex.o)
    0x08004cc4   0x08004cc4   0x00000080   Code   RO         4756    i.rt_mut_wait       RTX_CM0.lib(rt_mutex.o)
    0x08004d44   0x08004d44   0x00000070   Code   RO         4792    i.rt_pop_req        RTX_CM0.lib(rt_system.o)
    0x08004db4   0x08004db4   0x00000020   Code   RO         4793    i.rt_psh_req        RTX_CM0.lib(rt_system.o)
    0x08004dd4   0x08004dd4   0x00000040   Code   RO         4923    i.rt_psq_enq        RTX_CM0.lib(rt_list.o)
    0x08004e14   0x08004e14   0x00000050   Code   RO         4924    i.rt_put_dly        RTX_CM0.lib(rt_list.o)
    0x08004e64   0x08004e64   0x0000003c   Code   RO         4925    i.rt_put_prio       RTX_CM0.lib(rt_list.o)
    0x08004ea0   0x08004ea0   0x00000014   Code   RO         4926    i.rt_put_rdy_first  RTX_CM0.lib(rt_list.o)
    0x08004eb4   0x08004eb4   0x00000030   Code   RO         4927    i.rt_resort_prio    RTX_CM0.lib(rt_list.o)
    0x08004ee4   0x08004ee4   0x00000006   Code   RO         5195    i.rt_ret_val        RTX_CM0.lib(hal_cm.o)
    0x08004eea   0x08004eea   0x00000008   Code   RO         5196    i.rt_ret_val2       RTX_CM0.lib(hal_cm.o)
    0x08004ef2   0x08004ef2   0x0000002a   Code   RO         4928    i.rt_rmv_dly        RTX_CM0.lib(rt_list.o)
    0x08004f1c   0x08004f1c   0x00000034   Code   RO         4929    i.rt_rmv_list       RTX_CM0.lib(rt_list.o)
    0x08004f50   0x08004f50   0x00000034   Code   RO         5047    i.rt_sem_psh        RTX_CM0.lib(rt_semaphore.o)
    0x08004f84   0x08004f84   0x00000028   Code   RO         4795    i.rt_stk_check      RTX_CM0.lib(rt_system.o)
    0x08004fac   0x08004fac   0x00000010   Code   RO         4672    i.rt_switch_req     RTX_CM0.lib(rt_task.o)
    0x08004fbc   0x08004fbc   0x000000c8   Code   RO         4673    i.rt_sys_init       RTX_CM0.lib(rt_task.o)
    0x08005084   0x08005084   0x00000064   Code   RO         4674    i.rt_sys_start      RTX_CM0.lib(rt_task.o)
    0x080050e8   0x080050e8   0x0000003c   Code   RO         4797    i.rt_systick        RTX_CM0.lib(rt_system.o)
    0x08005124   0x08005124   0x00000012   Code   RO         4103    i.rt_tid2ptcb       RTX_CM0.lib(rt_cmsis.o)
    0x08005136   0x08005136   0x00000002   PAD
    0x08005138   0x08005138   0x00000038   Code   RO         4104    i.rt_timer_insert   RTX_CM0.lib(rt_cmsis.o)
    0x08005170   0x08005170   0x00000078   Code   RO         4675    i.rt_tsk_create     RTX_CM0.lib(rt_task.o)
    0x080051e8   0x080051e8   0x00000158   Code   RO         4676    i.rt_tsk_delete     RTX_CM0.lib(rt_task.o)
    0x08005340   0x08005340   0x00000080   Code   RO         4678    i.rt_tsk_prio       RTX_CM0.lib(rt_task.o)
    0x080053c0   0x080053c0   0x00000010   Code   RO         4679    i.rt_tsk_self       RTX_CM0.lib(rt_task.o)
    0x080053d0   0x080053d0   0x00000012   Code   RO         4106    i.svcDelay          RTX_CM0.lib(rt_cmsis.o)
    0x080053e2   0x080053e2   0x00000002   PAD
    0x080053e4   0x080053e4   0x00000078   Code   RO         4107    i.svcKernelInitialize  RTX_CM0.lib(rt_cmsis.o)
    0x0800545c   0x0800545c   0x0000004c   Code   RO         4109    i.svcKernelStart    RTX_CM0.lib(rt_cmsis.o)
    0x080054a8   0x080054a8   0x0000002a   Code   RO         4112    i.svcMessageCreate  RTX_CM0.lib(rt_cmsis.o)
    0x080054d2   0x080054d2   0x0000003c   Code   RO         4113    i.svcMessageGet     RTX_CM0.lib(rt_cmsis.o)
    0x0800550e   0x0800550e   0x00000002   PAD
    0x08005510   0x08005510   0x00000074   Code   RO         4127    i.svcThreadCreate   RTX_CM0.lib(rt_cmsis.o)
    0x08005584   0x08005584   0x0000001c   Code   RO         4128    i.svcThreadGetId    RTX_CM0.lib(rt_cmsis.o)
    0x080055a0   0x080055a0   0x0000003c   Code   RO         4131    i.svcThreadTerminate  RTX_CM0.lib(rt_cmsis.o)
    0x080055dc   0x080055dc   0x0000001c   Code   RO         4133    i.svcTimerCall      RTX_CM0.lib(rt_cmsis.o)
    0x080055f8   0x080055f8   0x00000058   Code   RO         4142    i.sysTimerTick      RTX_CM0.lib(rt_cmsis.o)
    0x08005650   0x08005650   0x0000005c   Code   RO            8    i.writeFlash        flash.o
    0x080056ac   0x080056ac   0x0000008c   Code   RO         5284    x$fpl$fadd          fz_ps.l(faddsub.o)
    0x08005738   0x08005738   0x00000054   Code   RO         5293    x$fpl$feqf          fz_ps.l(feqf.o)
    0x0800578c   0x0800578c   0x00000054   Code   RO         5299    x$fpl$fleqf         fz_ps.l(flef.o)
    0x080057e0   0x080057e0   0x000000b0   Code   RO         5301    x$fpl$fmul          fz_ps.l(fmul.o)
    0x08005890   0x08005890   0x00000058   Code   RO         5303    x$fpl$frleqf        fz_ps.l(frlef.o)
    0x080058e8   0x080058e8   0x000000d0   Code   RO         5286    x$fpl$fsub          fz_ps.l(faddsub.o)
    0x080059b8   0x080059b8   0x00000000   Code   RO         5327    x$fpl$usenofp       fz_ps.l(usenofp.o)
    0x080059b8   0x080059b8   0x00000010   Data   RO          282    .constdata          tartea_sensores.o
    0x080059c8   0x080059c8   0x00000068   Data   RO          533    .constdata          rtx_conf_cm.o
    0x08005a30   0x08005a30   0x00000018   Data   RO         4020    .constdata          system_stm32f0xx.o
    0x08005a48   0x08005a48   0x00000040   Data   RO         5291    .constdata          fz_ps.l(fdiv.o)
    0x08005a88   0x08005a88   0x00000020   Data   RO         5488    Region$$Table       anon$$obj.o


    Execution Region ER_RW (Exec base: 0x20000000, Load base: 0x08005aa8, Size: 0x00000078, Max: 0xffffffff, ABSOLUTE)

    Exec Addr    Load Addr    Size         Type   Attr      Idx    E Section Name        Object

    0x20000000   0x08005aa8   0x00000008   Data   RW            9    .data               flash.o
    0x20000008   0x08005ab0   0x0000002c   Data   RW          283    .data               tartea_sensores.o
    0x20000034   0x08005adc   0x00000004   Data   RW          327    .data               tartea_telemetria.o
    0x20000038   0x08005ae0   0x00000014   Data   RW          534    .data               rtx_conf_cm.o
    0x2000004c   0x08005af4   0x00000004   Data   RW          605    .data               stm32f0xx_hal.o
    0x20000050   0x08005af8   0x00000004   Data   RW         4021    .data               system_stm32f0xx.o
    0x20000054   0x08005afc   0x00000008   Data   RW         4145    .data               RTX_CM0.lib(rt_cmsis.o)
    0x2000005c   0x08005b04   0x00000008   Data   RW         4681    .data               RTX_CM0.lib(rt_task.o)
    0x20000064   0x08005b0c   0x00000008   Data   RW         4800    .data               RTX_CM0.lib(rt_system.o)
    0x2000006c   0x08005b14   0x00000004   Data   RW         5090    .data               RTX_CM0.lib(rt_time.o)
    0x20000070   0x08005b18   0x00000008   Data   RW         5121    .data               RTX_CM0.lib(rt_robin.o)


    Execution Region ER_ZI (Exec base: 0x20000078, Load base: 0x08005b20, Size: 0x00001708, Max: 0xffffffff, ABSOLUTE)

    Exec Addr    Load Addr    Size         Type   Attr      Idx    E Section Name        Object

    0x20000078        -       0x00000100   Zero   RW          230    .bss                tartea_control.o
    0x20000178        -       0x00000090   Zero   RW          281    .bss                tartea_sensores.o
    0x20000208        -       0x0000004a   Zero   RW          326    .bss                tartea_telemetria.o
    0x20000252   0x08005b20   0x00000002   PAD
    0x20000254        -       0x00000170   Zero   RW          395    .bss                main.o
    0x200003c4        -       0x00000040   Zero   RW          482    .bss                stm32f0xx_it.o
    0x20000404   0x08005b20   0x00000004   PAD
    0x20000408        -       0x00000c90   Zero   RW          532    .bss                rtx_conf_cm.o
    0x20001098        -       0x00000020   Zero   RW         1102    .bss                stm32f0xx_hal_flash.o
    0x200010b8        -       0x00000034   Zero   RW         4680    .bss                RTX_CM0.lib(rt_task.o)
    0x200010ec        -       0x00000030   Zero   RW         4930    .bss                RTX_CM0.lib(rt_list.o)
    0x2000111c        -       0x00000060   Zero   RW         5234    .bss                c_p.l(libspace.o)
    0x2000117c   0x08005b20   0x00000004   PAD
    0x20001180        -       0x00000200   Zero   RW         3956    HEAP                startup_stm32f042x6.o
    0x20001380        -       0x00000400   Zero   RW         3955    STACK               startup_stm32f042x6.o


==============================================================================

Image component sizes


      Code (inc. data)   RO Data    RW Data    ZI Data      Debug   Object Name

       292         30          0          8          0     449824   flash.o
        64          4          0          0          0        521   leds.o
      1068         58          0          0        368       6698   main.o
       272         20          0          0          0       1113   motores.o
       130         28        104         20       3216       9259   rtx_conf_cm.o
       116         56        192          0       1536        776   startup_stm32f042x6.o
        98         14          0          4          0       3695   stm32f0xx_hal.o
       222         26          0          0          0      10857   stm32f0xx_hal_cortex.o
        88          0          0          0          0       1407   stm32f0xx_hal_dma.o
       460         52          0          0         32       4674   stm32f0xx_hal_flash.o
       510         20          0          0          0       3363   stm32f0xx_hal_gpio.o
       608         42          0          0          0       3554   stm32f0xx_hal_msp.o
      2288         98          0          0          0       5801   stm32f0xx_hal_rcc.o
      2368         84          0          0          0      17428   stm32f0xx_hal_tim.o
       268          0          0          0          0       3642   stm32f0xx_hal_tim_ex.o
      2368         48          0          0          0      13007   stm32f0xx_hal_uart.o
         2          0          0          0          0       1300   stm32f0xx_hal_uart_ex.o
        38         12          0          0         64       2150   stm32f0xx_it.o
       116         12         24          4          0       1611   system_stm32f0xx.o
      1476        112          0          0        256       2930   tartea_control.o
      1200         88         16         44        144       4730   tartea_sensores.o
       692         36          0          4         74       2043   tartea_telemetria.o
        72         16          0          0          0        897   turbina.o

    ----------------------------------------------------------------------
     14842        856        368         84       5696     551280   Object Totals
         0          0         32          0          0          0   (incl. Generated)
        26          0          0          0          6          0   (incl. Padding)

    ----------------------------------------------------------------------

      Code (inc. data)   RO Data    RW Data    ZI Data      Debug   Library Member Name

       134         14          0          0          0       1687   hal_cm.o
       356         40          0          0          0        840   hal_cm0.o
      1220        146          0          8          0      31742   rt_cmsis.o
        80          6          0          0          0        629   rt_event.o
       524         34          0          0         48       8081   rt_list.o
       516         16          0          0          0       3837   rt_mailbox.o
       140          0          0          0          0       1957   rt_membox.o
       142          0          0          0          0       2315   rt_memory.o
       344         20          0          0          0       1619   rt_mutex.o
        92         22          0          8          0       1126   rt_robin.o
        52          4          0          0          0        553   rt_semaphore.o
       290         54          0          8          0       6039   rt_system.o
      1116        178          0          8         52       9253   rt_task.o
        10          0          0          4          0        672   rt_time.o
         4          4          0          0          0        208   svc_table.o
         8          0          0          0          0         68   __main.o
       108          0          0          0          0         76   __printf.o
         0          0          0          0          0          0   __rtentry.o
        20          0          0          0          0          0   __rtentry2.o
         6          0          0          0          0          0   __rtentry4.o
        60          8          0          0          0          0   __scatter.o
        26          0          0          0          0          0   __scatter_copy.o
        28          0          0          0          0          0   __scatter_zi.o
        48          6          0          0          0         88   _printf_char_common.o
        10          0          0          0          0          0   _printf_d.o
       108         18          0          0          0         76   _printf_dec.o
       176          0          0          0          0         84   _printf_intcommon.o
         2          0          0          0          0          0   _printf_percent.o
         4          0          0          0          0          0   _printf_percent_end.o
        10          0          0          0          0         60   _sputc.o
       346          0          0          0          0         92   aeabi_sdiv.o
        16          0          0          0          0         68   exit.o
         6          0          0          0          0        136   heapauxi.o
         0          0          0          0          0          0   indicate_semi.o
         2          0          0          0          0          0   libinit.o
         2          0          0          0          0          0   libinit2.o
         2          0          0          0          0          0   libshutdown.o
         2          0          0          0          0          0   libshutdown2.o
         8          4          0          0         96         68   libspace.o
        34          0          0          0          0         68   llushr.o
        40          4          0          0          0         84   noretval__2sprintf.o
        64          0          0          0          0        108   rt_memclr.o
         2          0          0          0          0          0   rtexit.o
        10          0          0          0          0          0   rtexit2.o
        40          0          0          0          0         60   rtudiv10.o
        68          6          0          0          0         72   strlen.o
        12          4          0          0          0         60   sys_exit.o
        62          0          0          0          0         80   sys_stackheap_outer.o
         2          0          0          0          0         68   use_no_semi.o
        46          0          0          0          0         60   cmpret.o
       348          8          0          0          0        160   faddsub.o
       100          4          0          0          0         68   fcmpin.o
       352         10         64          0          0         92   fdiv.o
        84          4          0          0          0         76   feqf.o
        76          0          0          0          0         68   ffixi.o
        94          0          0          0          0         92   fflti.o
        84          4          0          0          0         76   flef.o
       176          4          0          0          0         80   fmul.o
        16          6          0          0          0         68   fnan2.o
        88          4          0          0          0         76   frlef.o
        94          0          0          0          0         68   retnan.o
         0          0          0          0          0          0   usenofp.o

    ----------------------------------------------------------------------
      7934        632         64         36        200      72958   Library Totals
        24          0          0          0          4          0   (incl. Padding)

    ----------------------------------------------------------------------

      Code (inc. data)   RO Data    RW Data    ZI Data      Debug   Library Name

      5020        538          0         36        100      70558   RTX_CM0.lib
      1332         50          0          0         96       1416   c_p.l
      1558         44         64          0          0        984   fz_ps.l

    ----------------------------------------------------------------------
      7934        632         64         36        200      72958   Library Totals

    ----------------------------------------------------------------------

==============================================================================


      Code (inc. data)   RO Data    RW Data    ZI Data      Debug   

     22776       1488        432        120       5896     615494   Grand Totals
     22776       1488        432        120       5896     615494   ELF Image Totals
     22776       1488        432        120          0          0   ROM Totals

==============================================================================

    Total RO  Size (Code + RO Data)                23208 (  22.66kB)
    Total RW  Size (RW Data + ZI Data)              6016 (   5.88kB)
    Total ROM Size (Code + RO Data + RW Data)      23328 (  22.78kB)

==============================================================================

